Activating virtual environment: /home/eyal.amdur/K2D/.venv
Starting Context Env3 Experiment Pipeline...
Job ID: 68056662
Project Root: /home/eyal.amdur/K2D

=== Data Verification ===
Generating ground truth trajectories...
[2m2026-02-07 19:31.17[0m [[32m[1minfo     [0m] [1mSignatures have been automatically determined.[0m [36maction_signature[0m=[35mSignature(dtype=[dtype('int64')], shape=[(1,)])[0m [36mobservation_signature[0m=[35mSignature(dtype=[dtype('int32')], shape=[(3,)])[0m [36mreward_signature[0m=[35mSignature(dtype=[dtype('float64')], shape=[(1,)])[0m
[2m2026-02-07 19:31.17[0m [[32m[1minfo     [0m] [1mAction-space has been automatically determined.[0m [36maction_space[0m=[35m<ActionSpace.DISCRETE: 2>[0m
[2m2026-02-07 19:31.17[0m [[32m[1minfo     [0m] [1mAction size has been automatically determined.[0m [36maction_size[0m=[35m5[0m
Saved 1000 trajectories to /home/eyal.amdur/K2D/results/data/context_env3/ground_truth_10.h5

=== Decision Transformers Training ===

--- Training DT with context_size=10 ---
2026-02-07 19:31:18,635 - INFO - Starting DT Training...
[2m2026-02-07 19:31.19[0m [[32m[1minfo     [0m] [1mSignatures have been automatically determined.[0m [36maction_signature[0m=[35mSignature(dtype=[dtype('int64')], shape=[(1,)])[0m [36mobservation_signature[0m=[35mSignature(dtype=[dtype('int32')], shape=[(3,)])[0m [36mreward_signature[0m=[35mSignature(dtype=[dtype('float64')], shape=[(1,)])[0m
[2m2026-02-07 19:31.19[0m [[32m[1minfo     [0m] [1mAction-space has been automatically determined.[0m [36maction_space[0m=[35m<ActionSpace.DISCRETE: 2>[0m
[2m2026-02-07 19:31.19[0m [[32m[1minfo     [0m] [1mAction size has been automatically determined.[0m [36maction_size[0m=[35m5[0m
2026-02-07 19:31:19,544 - INFO - Loaded dataset from /home/eyal.amdur/K2D/results/data/context_env3/ground_truth_10.h5
[2m2026-02-07 19:31.19[0m [[32m[1minfo     [0m] [1mdataset info                  [0m [36mdataset_info[0m=[35mDatasetInfo(observation_signature=Signature(dtype=[dtype('int32')], shape=[(3,)]), action_signature=Signature(dtype=[dtype('int64')], shape=[(1,)]), reward_signature=Signature(dtype=[dtype('float64')], shape=[(1,)]), action_space=<ActionSpace.DISCRETE: 2>, action_size=5)[0m
[2m2026-02-07 19:31.19[0m [[32m[1mdebug    [0m] [1mBuilding models...            [0m
[2m2026-02-07 19:31.19[0m [[32m[1mdebug    [0m] [1mModels have been built.       [0m
[2m2026-02-07 19:31.19[0m [[32m[1minfo     [0m] [1mDirectory is created at logs/context_env3/dt_ctx10/DiscreteDecisionTransformer_20260207193119[0m
[2m2026-02-07 19:31.20[0m [[32m[1minfo     [0m] [1mParameters                    [0m [36mparams[0m=[35m{'observation_shape': [3], 'action_size': 5, 'config': {'type': 'discrete_decision_transformer', 'params': {'batch_size': 64, 'gamma': 0.99, 'observation_scaler': {'type': 'none', 'params': {}}, 'action_scaler': {'type': 'none', 'params': {}}, 'reward_scaler': {'type': 'none', 'params': {}}, 'compile_graph': False, 'context_size': 10, 'max_timestep': 1000, 'learning_rate': 0.0001, 'encoder_factory': {'type': 'default', 'params': {'activation': 'relu', 'use_batch_norm': False, 'dropout_rate': None}}, 'optim_factory': {'type': 'adam', 'params': {'clip_grad_norm': None, 'lr_scheduler_factory': {'type': 'none', 'params': {}}, 'betas': [0.9, 0.999], 'eps': 1e-08, 'weight_decay': 0, 'amsgrad': False}}, 'num_heads': 8, 'num_layers': 6, 'attn_dropout': 0.1, 'resid_dropout': 0.1, 'embed_dropout': 0.1, 'activation_type': 'gelu', 'embed_activation_type': 'tanh', 'position_encoding_type': <PositionEncodingType.GLOBAL: 'global'>, 'warmup_tokens': 10240, 'final_tokens': 30000000}}}[0m
[2m2026-02-07 19:33.14[0m [[32m[1minfo     [0m] [1mDiscreteDecisionTransformer_20260207193119: epoch=1 step=100[0m [36mepoch[0m=[35m1[0m [36mmetrics[0m=[35m{'time_sample_batch': 0.003881571292877197, 'time_algorithm_update': 1.1397941327095031, 'loss': 0.25260019935667516, 'learning_rate': 9.168019259888275e-05, 'time_step': 1.143829939365387}[0m [36mstep[0m=[35m100[0m
[2m2026-02-07 19:33.15[0m [[32m[1minfo     [0m] [1mModel parameters are saved to logs/context_env3/dt_ctx10/DiscreteDecisionTransformer_20260207193119/model_100.d3[0m
[2m2026-02-07 19:35.08[0m [[32m[1minfo     [0m] [1mDiscreteDecisionTransformer_20260207193119: epoch=2 step=200[0m [36mepoch[0m=[35m2[0m [36mmetrics[0m=[35m{'time_sample_batch': 0.0037973690032958984, 'time_algorithm_update': 1.127410671710968, 'loss': 0.12017675809562206, 'learning_rate': 9.999826188921081e-05, 'time_step': 1.13135591506958}[0m [36mstep[0m=[35m200[0m
[2m2026-02-07 19:35.09[0m [[32m[1minfo     [0m] [1mModel parameters are saved to logs/context_env3/dt_ctx10/DiscreteDecisionTransformer_20260207193119/model_200.d3[0m
[2m2026-02-07 19:37.02[0m [[32m[1minfo     [0m] [1mDiscreteDecisionTransformer_20260207193119: epoch=3 step=300[0m [36mepoch[0m=[35m3[0m [36mmetrics[0m=[35m{'time_sample_batch': 0.0038084959983825683, 'time_algorithm_update': 1.123896963596344, 'loss': 0.11078187316656113, 'learning_rate': 9.999481849124465e-05, 'time_step': 1.127851552963257}[0m [36mstep[0m=[35m300[0m
[2m2026-02-07 19:37.02[0m [[32m[1minfo     [0m] [1mModel parameters are saved to logs/context_env3/dt_ctx10/DiscreteDecisionTransformer_20260207193119/model_300.d3[0m
[2m2026-02-07 19:38.55[0m [[32m[1minfo     [0m] [1mDiscreteDecisionTransformer_20260207193119: epoch=4 step=400[0m [36mepoch[0m=[35m4[0m [36mmetrics[0m=[35m{'time_sample_batch': 0.003797011375427246, 'time_algorithm_update': 1.119243679046631, 'loss': 0.11159597102552653, 'learning_rate': 9.998949417640621e-05, 'time_step': 1.1231858706474305}[0m [36mstep[0m=[35m400[0m
[2m2026-02-07 19:38.55[0m [[32m[1minfo     [0m] [1mModel parameters are saved to logs/context_env3/dt_ctx10/DiscreteDecisionTransformer_20260207193119/model_400.d3[0m
[2m2026-02-07 19:40.49[0m [[32m[1minfo     [0m] [1mDiscreteDecisionTransformer_20260207193119: epoch=5 step=500[0m [36mepoch[0m=[35m5[0m [36mmetrics[0m=[35m{'time_sample_batch': 0.0037842035293579102, 'time_algorithm_update': 1.128541157245636, 'loss': 0.11047516360878945, 'learning_rate': 9.99823001956177e-05, 'time_step': 1.1324683260917663}[0m [36mstep[0m=[35m500[0m
[2m2026-02-07 19:40.49[0m [[32m[1minfo     [0m] [1mModel parameters are saved to logs/context_env3/dt_ctx10/DiscreteDecisionTransformer_20260207193119/model_500.d3[0m
[2m2026-02-07 19:42.42[0m [[32m[1minfo     [0m] [1mDiscreteDecisionTransformer_20260207193119: epoch=6 step=600[0m [36mepoch[0m=[35m6[0m [36mmetrics[0m=[35m{'time_sample_batch': 0.003800480365753174, 'time_algorithm_update': 1.1237848067283631, 'loss': 0.1083231346309185, 'learning_rate': 9.997322970479273e-05, 'time_step': 1.1277248406410216}[0m [36mstep[0m=[35m600[0m
[2m2026-02-07 19:42.43[0m [[32m[1minfo     [0m] [1mModel parameters are saved to logs/context_env3/dt_ctx10/DiscreteDecisionTransformer_20260207193119/model_600.d3[0m
[2m2026-02-07 19:44.36[0m [[32m[1minfo     [0m] [1mDiscreteDecisionTransformer_20260207193119: epoch=7 step=700[0m [36mepoch[0m=[35m7[0m [36mmetrics[0m=[35m{'time_sample_batch': 0.00378648042678833, 'time_algorithm_update': 1.1300958824157714, 'loss': 0.10703297272324562, 'learning_rate': 9.996225627698575e-05, 'time_step': 1.1340299987792968}[0m [36mstep[0m=[35m700[0m
[2m2026-02-07 19:44.37[0m [[32m[1minfo     [0m] [1mModel parameters are saved to logs/context_env3/dt_ctx10/DiscreteDecisionTransformer_20260207193119/model_700.d3[0m
[2m2026-02-07 19:46.29[0m [[32m[1minfo     [0m] [1mDiscreteDecisionTransformer_20260207193119: epoch=8 step=800[0m [36mepoch[0m=[35m8[0m [36mmetrics[0m=[35m{'time_sample_batch': 0.0037754130363464354, 'time_algorithm_update': 1.1145078825950623, 'loss': 0.10323508348315955, 'learning_rate': 9.994940465248483e-05, 'time_step': 1.1184242510795592}[0m [36mstep[0m=[35m800[0m
[2m2026-02-07 19:46.29[0m [[32m[1minfo     [0m] [1mModel parameters are saved to logs/context_env3/dt_ctx10/DiscreteDecisionTransformer_20260207193119/model_800.d3[0m
[2m2026-02-07 19:48.20[0m [[32m[1minfo     [0m] [1mDiscreteDecisionTransformer_20260207193119: epoch=9 step=900[0m [36mepoch[0m=[35m9[0m [36mmetrics[0m=[35m{'time_sample_batch': 0.003794128894805908, 'time_algorithm_update': 1.0982828068733215, 'loss': 0.10859194222837687, 'learning_rate': 9.993467544649177e-05, 'time_step': 1.1022153830528258}[0m [36mstep[0m=[35m900[0m
[2m2026-02-07 19:48.20[0m [[32m[1minfo     [0m] [1mModel parameters are saved to logs/context_env3/dt_ctx10/DiscreteDecisionTransformer_20260207193119/model_900.d3[0m
[2m2026-02-07 19:50.08[0m [[32m[1minfo     [0m] [1mDiscreteDecisionTransformer_20260207193119: epoch=10 step=1000[0m [36mepoch[0m=[35m10[0m [36mmetrics[0m=[35m{'time_sample_batch': 0.0037482547760009765, 'time_algorithm_update': 1.0751763486862183, 'loss': 0.10831312470138073, 'learning_rate': 9.991811516669981e-05, 'time_step': 1.0790602827072144}[0m [36mstep[0m=[35m1000[0m
[2m2026-02-07 19:50.09[0m [[32m[1minfo     [0m] [1mModel parameters are saved to logs/context_env3/dt_ctx10/DiscreteDecisionTransformer_20260207193119/model_1000.d3[0m
2026-02-07 19:50:09,467 - INFO - Saved DT model to /home/eyal.amdur/K2D/results/models/DT/context_env3/dt_model_ctx10.d3
DT Model trained and saved to: /home/eyal.amdur/K2D/results/models/DT/context_env3/dt_model_ctx10.d3

--- Training DT with context_size=30 ---
2026-02-07 19:50:09,480 - INFO - Starting DT Training...
[2m2026-02-07 19:50.10[0m [[32m[1minfo     [0m] [1mSignatures have been automatically determined.[0m [36maction_signature[0m=[35mSignature(dtype=[dtype('int64')], shape=[(1,)])[0m [36mobservation_signature[0m=[35mSignature(dtype=[dtype('int32')], shape=[(3,)])[0m [36mreward_signature[0m=[35mSignature(dtype=[dtype('float64')], shape=[(1,)])[0m
[2m2026-02-07 19:50.10[0m [[32m[1minfo     [0m] [1mAction-space has been automatically determined.[0m [36maction_space[0m=[35m<ActionSpace.DISCRETE: 2>[0m
[2m2026-02-07 19:50.10[0m [[32m[1minfo     [0m] [1mAction size has been automatically determined.[0m [36maction_size[0m=[35m5[0m
2026-02-07 19:50:10,574 - INFO - Loaded dataset from /home/eyal.amdur/K2D/results/data/context_env3/ground_truth_10.h5
[2m2026-02-07 19:50.10[0m [[32m[1minfo     [0m] [1mdataset info                  [0m [36mdataset_info[0m=[35mDatasetInfo(observation_signature=Signature(dtype=[dtype('int32')], shape=[(3,)]), action_signature=Signature(dtype=[dtype('int64')], shape=[(1,)]), reward_signature=Signature(dtype=[dtype('float64')], shape=[(1,)]), action_space=<ActionSpace.DISCRETE: 2>, action_size=5)[0m
[2m2026-02-07 19:50.10[0m [[32m[1mdebug    [0m] [1mBuilding models...            [0m
[2m2026-02-07 19:50.10[0m [[32m[1mdebug    [0m] [1mModels have been built.       [0m
[2m2026-02-07 19:50.10[0m [[32m[1minfo     [0m] [1mDirectory is created at logs/context_env3/dt_ctx30/DiscreteDecisionTransformer_20260207195010[0m
[2m2026-02-07 19:50.10[0m [[32m[1minfo     [0m] [1mParameters                    [0m [36mparams[0m=[35m{'observation_shape': [3], 'action_size': 5, 'config': {'type': 'discrete_decision_transformer', 'params': {'batch_size': 64, 'gamma': 0.99, 'observation_scaler': {'type': 'none', 'params': {}}, 'action_scaler': {'type': 'none', 'params': {}}, 'reward_scaler': {'type': 'none', 'params': {}}, 'compile_graph': False, 'context_size': 30, 'max_timestep': 1000, 'learning_rate': 0.0001, 'encoder_factory': {'type': 'default', 'params': {'activation': 'relu', 'use_batch_norm': False, 'dropout_rate': None}}, 'optim_factory': {'type': 'adam', 'params': {'clip_grad_norm': None, 'lr_scheduler_factory': {'type': 'none', 'params': {}}, 'betas': [0.9, 0.999], 'eps': 1e-08, 'weight_decay': 0, 'amsgrad': False}}, 'num_heads': 8, 'num_layers': 6, 'attn_dropout': 0.1, 'resid_dropout': 0.1, 'embed_dropout': 0.1, 'activation_type': 'gelu', 'embed_activation_type': 'tanh', 'position_encoding_type': <PositionEncodingType.GLOBAL: 'global'>, 'warmup_tokens': 10240, 'final_tokens': 30000000}}}[0m
[2m2026-02-07 19:56.30[0m [[32m[1minfo     [0m] [1mDiscreteDecisionTransformer_20260207195010: epoch=1 step=100[0m [36mepoch[0m=[35m1[0m [36mmetrics[0m=[35m{'time_sample_batch': 0.004351513385772705, 'time_algorithm_update': 3.7929417514801025, 'loss': 0.25217675156891345, 'learning_rate': 9.68409721772557e-05, 'time_step': 3.797443051338196}[0m [36mstep[0m=[35m100[0m
[2m2026-02-07 19:56.31[0m [[32m[1minfo     [0m] [1mModel parameters are saved to logs/context_env3/dt_ctx30/DiscreteDecisionTransformer_20260207195010/model_100.d3[0m
[2m2026-02-07 20:02.58[0m [[32m[1minfo     [0m] [1mDiscreteDecisionTransformer_20260207195010: epoch=2 step=200[0m [36mepoch[0m=[35m2[0m [36mmetrics[0m=[35m{'time_sample_batch': 0.005191037654876709, 'time_algorithm_update': 3.8599934649467467, 'loss': 0.10631399042904377, 'learning_rate': 9.998876460615762e-05, 'time_step': 3.865339765548706}[0m [36mstep[0m=[35m200[0m
[2m2026-02-07 20:02.58[0m [[32m[1minfo     [0m] [1mModel parameters are saved to logs/context_env3/dt_ctx30/DiscreteDecisionTransformer_20260207195010/model_200.d3[0m
[2m2026-02-07 20:09.21[0m [[32m[1minfo     [0m] [1mDiscreteDecisionTransformer_20260207195010: epoch=3 step=300[0m [36mepoch[0m=[35m3[0m [36mmetrics[0m=[35m{'time_sample_batch': 0.0048284912109375, 'time_algorithm_update': 3.8192549037933348, 'loss': 0.0991207118332386, 'learning_rate': 9.996810478350597e-05, 'time_step': 3.824235119819641}[0m [36mstep[0m=[35m300[0m
[2m2026-02-07 20:09.21[0m [[32m[1minfo     [0m] [1mModel parameters are saved to logs/context_env3/dt_ctx30/DiscreteDecisionTransformer_20260207195010/model_300.d3[0m
[2m2026-02-07 20:15.39[0m [[32m[1minfo     [0m] [1mDiscreteDecisionTransformer_20260207195010: epoch=4 step=400[0m [36mepoch[0m=[35m4[0m [36mmetrics[0m=[35m{'time_sample_batch': 0.0045305538177490235, 'time_algorithm_update': 3.7682899498939513, 'loss': 0.09842921242117882, 'learning_rate': 9.993688306516457e-05, 'time_step': 3.772969620227814}[0m [36mstep[0m=[35m400[0m
[2m2026-02-07 20:15.39[0m [[32m[1minfo     [0m] [1mModel parameters are saved to logs/context_env3/dt_ctx30/DiscreteDecisionTransformer_20260207195010/model_400.d3[0m
[2m2026-02-07 20:21.55[0m [[32m[1minfo     [0m] [1mDiscreteDecisionTransformer_20260207195010: epoch=5 step=500[0m [36mepoch[0m=[35m5[0m [36mmetrics[0m=[35m{'time_sample_batch': 0.0044061279296875, 'time_algorithm_update': 3.748812403678894, 'loss': 0.09652542233467103, 'learning_rate': 9.989544131213822e-05, 'time_step': 3.7533613634109497}[0m [36mstep[0m=[35m500[0m
[2m2026-02-07 20:21.55[0m [[32m[1minfo     [0m] [1mModel parameters are saved to logs/context_env3/dt_ctx30/DiscreteDecisionTransformer_20260207195010/model_500.d3[0m
[2m2026-02-07 20:28.23[0m [[32m[1minfo     [0m] [1mDiscreteDecisionTransformer_20260207195010: epoch=6 step=600[0m [36mepoch[0m=[35m6[0m [36mmetrics[0m=[35m{'time_sample_batch': 0.004602305889129639, 'time_algorithm_update': 3.8694266629219056, 'loss': 0.09500344663858414, 'learning_rate': 9.984302162308706e-05, 'time_step': 3.8741903281211854}[0m [36mstep[0m=[35m600[0m
[2m2026-02-07 20:28.24[0m [[32m[1minfo     [0m] [1mModel parameters are saved to logs/context_env3/dt_ctx30/DiscreteDecisionTransformer_20260207195010/model_600.d3[0m
[2m2026-02-07 20:34.48[0m [[32m[1minfo     [0m] [1mDiscreteDecisionTransformer_20260207195010: epoch=7 step=700[0m [36mepoch[0m=[35m7[0m [36mmetrics[0m=[35m{'time_sample_batch': 0.005233078002929687, 'time_algorithm_update': 3.8400017833709716, 'loss': 0.09526934914290905, 'learning_rate': 9.978016044241377e-05, 'time_step': 3.8453968739509583}[0m [36mstep[0m=[35m700[0m
[2m2026-02-07 20:34.49[0m [[32m[1minfo     [0m] [1mModel parameters are saved to logs/context_env3/dt_ctx30/DiscreteDecisionTransformer_20260207195010/model_700.d3[0m
[2m2026-02-07 20:41.18[0m [[32m[1minfo     [0m] [1mDiscreteDecisionTransformer_20260207195010: epoch=8 step=800[0m [36mepoch[0m=[35m8[0m [36mmetrics[0m=[35m{'time_sample_batch': 0.004804363250732422, 'time_algorithm_update': 3.8861056065559385, 'loss': 0.09570996977388858, 'learning_rate': 9.970711333235347e-05, 'time_step': 3.8910727953910826}[0m [36mstep[0m=[35m800[0m
[2m2026-02-07 20:41.19[0m [[32m[1minfo     [0m] [1mModel parameters are saved to logs/context_env3/dt_ctx30/DiscreteDecisionTransformer_20260207195010/model_800.d3[0m
[2m2026-02-07 20:47.58[0m [[32m[1minfo     [0m] [1mDiscreteDecisionTransformer_20260207195010: epoch=9 step=900[0m [36mepoch[0m=[35m9[0m [36mmetrics[0m=[35m{'time_sample_batch': 0.006197555065155029, 'time_algorithm_update': 3.9855834436416626, 'loss': 0.09656530469655991, 'learning_rate': 9.962346115465655e-05, 'time_step': 3.9919527554512024}[0m [36mstep[0m=[35m900[0m
[2m2026-02-07 20:47.59[0m [[32m[1minfo     [0m] [1mModel parameters are saved to logs/context_env3/dt_ctx30/DiscreteDecisionTransformer_20260207195010/model_900.d3[0m
[2m2026-02-07 20:54.29[0m [[32m[1minfo     [0m] [1mDiscreteDecisionTransformer_20260207195010: epoch=10 step=1000[0m [36mepoch[0m=[35m10[0m [36mmetrics[0m=[35m{'time_sample_batch': 0.00626760721206665, 'time_algorithm_update': 3.8921616768836973, 'loss': 0.09547932401299476, 'learning_rate': 9.95289254473879e-05, 'time_step': 3.8985846543312075}[0m [36mstep[0m=[35m1000[0m
[2m2026-02-07 20:54.29[0m [[32m[1minfo     [0m] [1mModel parameters are saved to logs/context_env3/dt_ctx30/DiscreteDecisionTransformer_20260207195010/model_1000.d3[0m
2026-02-07 20:54:30,177 - INFO - Saved DT model to /home/eyal.amdur/K2D/results/models/DT/context_env3/dt_model_ctx30.d3
DT Model trained and saved to: /home/eyal.amdur/K2D/results/models/DT/context_env3/dt_model_ctx30.d3

--- Training DT with context_size=60 ---
2026-02-07 20:54:30,191 - INFO - Starting DT Training...
[2m2026-02-07 20:54.31[0m [[32m[1minfo     [0m] [1mSignatures have been automatically determined.[0m [36maction_signature[0m=[35mSignature(dtype=[dtype('int64')], shape=[(1,)])[0m [36mobservation_signature[0m=[35mSignature(dtype=[dtype('int32')], shape=[(3,)])[0m [36mreward_signature[0m=[35mSignature(dtype=[dtype('float64')], shape=[(1,)])[0m
[2m2026-02-07 20:54.31[0m [[32m[1minfo     [0m] [1mAction-space has been automatically determined.[0m [36maction_space[0m=[35m<ActionSpace.DISCRETE: 2>[0m
[2m2026-02-07 20:54.31[0m [[32m[1minfo     [0m] [1mAction size has been automatically determined.[0m [36maction_size[0m=[35m5[0m
2026-02-07 20:54:31,178 - INFO - Loaded dataset from /home/eyal.amdur/K2D/results/data/context_env3/ground_truth_10.h5
[2m2026-02-07 20:54.31[0m [[32m[1minfo     [0m] [1mdataset info                  [0m [36mdataset_info[0m=[35mDatasetInfo(observation_signature=Signature(dtype=[dtype('int32')], shape=[(3,)]), action_signature=Signature(dtype=[dtype('int64')], shape=[(1,)]), reward_signature=Signature(dtype=[dtype('float64')], shape=[(1,)]), action_space=<ActionSpace.DISCRETE: 2>, action_size=5)[0m
[2m2026-02-07 20:54.31[0m [[32m[1mdebug    [0m] [1mBuilding models...            [0m
[2m2026-02-07 20:54.31[0m [[32m[1mdebug    [0m] [1mModels have been built.       [0m
[2m2026-02-07 20:54.31[0m [[32m[1minfo     [0m] [1mDirectory is created at logs/context_env3/dt_ctx60/DiscreteDecisionTransformer_20260207205431[0m
[2m2026-02-07 20:54.31[0m [[32m[1minfo     [0m] [1mParameters                    [0m [36mparams[0m=[35m{'observation_shape': [3], 'action_size': 5, 'config': {'type': 'discrete_decision_transformer', 'params': {'batch_size': 64, 'gamma': 0.99, 'observation_scaler': {'type': 'none', 'params': {}}, 'action_scaler': {'type': 'none', 'params': {}}, 'reward_scaler': {'type': 'none', 'params': {}}, 'compile_graph': False, 'context_size': 60, 'max_timestep': 1000, 'learning_rate': 0.0001, 'encoder_factory': {'type': 'default', 'params': {'activation': 'relu', 'use_batch_norm': False, 'dropout_rate': None}}, 'optim_factory': {'type': 'adam', 'params': {'clip_grad_norm': None, 'lr_scheduler_factory': {'type': 'none', 'params': {}}, 'betas': [0.9, 0.999], 'eps': 1e-08, 'weight_decay': 0, 'amsgrad': False}}, 'num_heads': 8, 'num_layers': 6, 'attn_dropout': 0.1, 'resid_dropout': 0.1, 'embed_dropout': 0.1, 'activation_type': 'gelu', 'embed_activation_type': 'tanh', 'position_encoding_type': <PositionEncodingType.GLOBAL: 'global'>, 'warmup_tokens': 10240, 'final_tokens': 30000000}}}[0m
[2m2026-02-07 21:10.13[0m [[32m[1minfo     [0m] [1mDiscreteDecisionTransformer_20260207205431: epoch=1 step=100[0m [36mepoch[0m=[35m1[0m [36mmetrics[0m=[35m{'time_sample_batch': 0.006710140705108642, 'time_algorithm_update': 9.413269464969636, 'loss': 0.20122074775397777, 'learning_rate': 9.752552562599626e-05, 'time_step': 9.42013923883438}[0m [36mstep[0m=[35m100[0m
[2m2026-02-07 21:10.14[0m [[32m[1minfo     [0m] [1mModel parameters are saved to logs/context_env3/dt_ctx60/DiscreteDecisionTransformer_20260207205431/model_100.d3[0m
[2m2026-02-07 21:23.44[0m [[32m[1minfo     [0m] [1mDiscreteDecisionTransformer_20260207205431: epoch=2 step=200[0m [36mepoch[0m=[35m2[0m [36mmetrics[0m=[35m{'time_sample_batch': 0.00687995195388794, 'time_algorithm_update': 8.09409890651703, 'loss': 0.08031731396913529, 'learning_rate': 9.998206260440188e-05, 'time_step': 8.101103775501251}[0m [36mstep[0m=[35m200[0m
[2m2026-02-07 21:23.44[0m [[32m[1minfo     [0m] [1mModel parameters are saved to logs/context_env3/dt_ctx60/DiscreteDecisionTransformer_20260207205431/model_200.d3[0m
[2m2026-02-07 21:37.12[0m [[32m[1minfo     [0m] [1mDiscreteDecisionTransformer_20260207205431: epoch=3 step=300[0m [36mepoch[0m=[35m3[0m [36mmetrics[0m=[35m{'time_sample_batch': 0.00719895601272583, 'time_algorithm_update': 8.071382710933685, 'loss': 0.07409892320632934, 'learning_rate': 9.994979194321976e-05, 'time_step': 8.078703491687774}[0m [36mstep[0m=[35m300[0m
[2m2026-02-07 21:37.13[0m [[32m[1minfo     [0m] [1mModel parameters are saved to logs/context_env3/dt_ctx60/DiscreteDecisionTransformer_20260207205431/model_300.d3[0m
[2m2026-02-07 21:50.41[0m [[32m[1minfo     [0m] [1mDiscreteDecisionTransformer_20260207205431: epoch=4 step=400[0m [36mepoch[0m=[35m4[0m [36mmetrics[0m=[35m{'time_sample_batch': 0.0075527667999267575, 'time_algorithm_update': 8.068364164829255, 'loss': 0.07262197434902191, 'learning_rate': 9.990153025922029e-05, 'time_step': 8.076042082309723}[0m [36mstep[0m=[35m400[0m
[2m2026-02-07 21:50.41[0m [[32m[1minfo     [0m] [1mModel parameters are saved to logs/context_env3/dt_ctx60/DiscreteDecisionTransformer_20260207205431/model_400.d3[0m
[2m2026-02-07 22:04.10[0m [[32m[1minfo     [0m] [1mDiscreteDecisionTransformer_20260207205431: epoch=5 step=500[0m [36mepoch[0m=[35m5[0m [36mmetrics[0m=[35m{'time_sample_batch': 0.008589713573455811, 'time_algorithm_update': 8.077175409793854, 'loss': 0.07175895631313324, 'learning_rate': 9.983660275610785e-05, 'time_step': 8.08588662624359}[0m [36mstep[0m=[35m500[0m
[2m2026-02-07 22:04.10[0m [[32m[1minfo     [0m] [1mModel parameters are saved to logs/context_env3/dt_ctx60/DiscreteDecisionTransformer_20260207205431/model_500.d3[0m
[2m2026-02-07 22:18.41[0m [[32m[1minfo     [0m] [1mDiscreteDecisionTransformer_20260207205431: epoch=6 step=600[0m [36mepoch[0m=[35m6[0m [36mmetrics[0m=[35m{'time_sample_batch': 0.012400202751159668, 'time_algorithm_update': 8.69289740562439, 'loss': 0.07091582670807839, 'learning_rate': 9.975639142083295e-05, 'time_step': 8.705435774326325}[0m [36mstep[0m=[35m600[0m
[2m2026-02-07 22:18.41[0m [[32m[1minfo     [0m] [1mModel parameters are saved to logs/context_env3/dt_ctx60/DiscreteDecisionTransformer_20260207205431/model_600.d3[0m
[2m2026-02-07 22:32.54[0m [[32m[1minfo     [0m] [1mDiscreteDecisionTransformer_20260207205431: epoch=7 step=700[0m [36mepoch[0m=[35m7[0m [36mmetrics[0m=[35m{'time_sample_batch': 0.011048698425292968, 'time_algorithm_update': 8.516970164775849, 'loss': 0.07062393005937338, 'learning_rate': 9.965860564164191e-05, 'time_step': 8.528157339096069}[0m [36mstep[0m=[35m700[0m
[2m2026-02-07 22:32.55[0m [[32m[1minfo     [0m] [1mModel parameters are saved to logs/context_env3/dt_ctx60/DiscreteDecisionTransformer_20260207205431/model_700.d3[0m
[2m2026-02-07 22:46.54[0m [[32m[1minfo     [0m] [1mDiscreteDecisionTransformer_20260207205431: epoch=8 step=800[0m [36mepoch[0m=[35m8[0m [36mmetrics[0m=[35m{'time_sample_batch': 0.009102463722229004, 'time_algorithm_update': 8.385452027320861, 'loss': 0.07067704677581788, 'learning_rate': 9.954443272765995e-05, 'time_step': 8.394683029651642}[0m [36mstep[0m=[35m800[0m
[2m2026-02-07 22:46.55[0m [[32m[1minfo     [0m] [1mModel parameters are saved to logs/context_env3/dt_ctx60/DiscreteDecisionTransformer_20260207205431/model_800.d3[0m
[2m2026-02-07 23:00.55[0m [[32m[1minfo     [0m] [1mDiscreteDecisionTransformer_20260207205431: epoch=9 step=900[0m [36mepoch[0m=[35m9[0m [36mmetrics[0m=[35m{'time_sample_batch': 0.01006101369857788, 'time_algorithm_update': 8.388447349071503, 'loss': 0.07049542069435119, 'learning_rate': 9.941366695086985e-05, 'time_step': 8.398635754585266}[0m [36mstep[0m=[35m900[0m
[2m2026-02-07 23:00.55[0m [[32m[1minfo     [0m] [1mModel parameters are saved to logs/context_env3/dt_ctx60/DiscreteDecisionTransformer_20260207205431/model_900.d3[0m
[2m2026-02-07 23:14.44[0m [[32m[1minfo     [0m] [1mDiscreteDecisionTransformer_20260207205431: epoch=10 step=1000[0m [36mepoch[0m=[35m10[0m [36mmetrics[0m=[35m{'time_sample_batch': 0.009750494956970215, 'time_algorithm_update': 8.28181069612503, 'loss': 0.07023925594985485, 'learning_rate': 9.926711262087002e-05, 'time_step': 8.291687264442444}[0m [36mstep[0m=[35m1000[0m
[2m2026-02-07 23:14.45[0m [[32m[1minfo     [0m] [1mModel parameters are saved to logs/context_env3/dt_ctx60/DiscreteDecisionTransformer_20260207205431/model_1000.d3[0m
2026-02-07 23:14:45,501 - INFO - Saved DT model to /home/eyal.amdur/K2D/results/models/DT/context_env3/dt_model_ctx60.d3
DT Model trained and saved to: /home/eyal.amdur/K2D/results/models/DT/context_env3/dt_model_ctx60.d3

=== Evaluation ===

Evaluating dt_ctx10...
2026-02-07 23:14:45,916 - INFO - Loaded DT model from /home/eyal.amdur/K2D/results/models/DT/context_env3/dt_model_ctx10.d3
Room 0 | has_key=0
+---+---+---+---+---+---+---+---+---+---+
| . | . | . | . | . | . | . | . | . | . |
+---+---+---+---+---+---+---+---+---+---+
| . | . | . | . | . | . | . | . | . | . |
+---+---+---+---+---+---+---+---+---+---+
| . | K | . | . | . | . | . | . | . | . |
+---+---+---+---+---+---+---+---+---+---+
| . | . | . | . | . | . | . | . | . | . |
+---+---+---+---+---+---+---+---+---+---+
| . | . | . | . | . | . | . | . | . | . |
+---+---+---+---+---+---+---+---+---+---+
| . | . | . | . | . | . | . | . | . | . |
+---+---+---+---+---+---+---+---+---+---+
| . | . | . | . | . | . | . | . | . | . |
+---+---+---+---+---+---+---+---+---+---+
| . | . | . | . | . | . | . | . | . | . |
+---+---+---+---+---+---+---+---+---+---+
| . | . | . | . | . | . | . | . | . | . |
+---+---+---+---+---+---+---+---+---+---+
| A | . | . | . | . | . | . | . | . | . |
+---+---+---+---+---+---+---+---+---+---+
