Activating virtual environment: /home/eyal.amdur/K2D/.venv
Using Python: /home/eyal.amdur/K2D/.venv/bin/python
Python version: Python 3.10.12
Python site-packages: ['/home/eyal.amdur/K2D/.venv/lib/python3.10/site-packages', '/home/eyal.amdur/K2D/.venv/local/lib/python3.10/dist-packages', '/home/eyal.amdur/K2D/.venv/lib/python3/dist-packages', '/home/eyal.amdur/K2D/.venv/lib/python3.10/dist-packages']
numpy found at: /home/eyal.amdur/K2D/.venv/lib/python3.10/site-packages/numpy/__init__.py
Starting training pipeline...
Job ID: 68053724
Project Root: /home/eyal.amdur/K2D
Config: src/config/train_ppo_10.json
2026-01-30 15:30:04,624 - INFO - Loaded config from src/config/train_ppo_10.json
2026-01-30 15:30:04,625 - INFO - Training Configuration Loaded.
2026-01-30 15:30:04,626 - INFO - Environment created (grid_size=10)
2026-01-30 15:30:04,626 - INFO - Starting PPO Training...
Using cuda device
Wrapping the env with a `Monitor` wrapper
Wrapping the env in a DummyVecEnv.
---------------------------------
| rollout/           |          |
|    ep_len_mean     | 60       |
|    ep_rew_mean     | -0.6     |
| time/              |          |
|    fps             | 474      |
|    iterations      | 1        |
|    time_elapsed    | 4        |
|    total_timesteps | 2048     |
---------------------------------
-----------------------------------------
| rollout/                |             |
|    ep_len_mean          | 60          |
|    ep_rew_mean          | -0.6        |
| time/                   |             |
|    fps                  | 415         |
|    iterations           | 2           |
|    time_elapsed         | 9           |
|    total_timesteps      | 4096        |
| train/                  |             |
|    approx_kl            | 0.017879762 |
|    clip_fraction        | 0.254       |
|    clip_range           | 0.2         |
|    entropy_loss         | -1.59       |
|    explained_variance   | 0.375       |
|    learning_rate        | 0.0003      |
|    loss                 | -0.0241     |
|    n_updates            | 10          |
|    policy_gradient_loss | -0.021      |
|    value_loss           | 0.0131      |
-----------------------------------------
-----------------------------------------
| rollout/                |             |
|    ep_len_mean          | 60          |
|    ep_rew_mean          | -0.6        |
| time/                   |             |
|    fps                  | 420         |
|    iterations           | 3           |
|    time_elapsed         | 14          |
|    total_timesteps      | 6144        |
| train/                  |             |
|    approx_kl            | 0.012554208 |
|    clip_fraction        | 0.146       |
|    clip_range           | 0.2         |
|    entropy_loss         | -1.56       |
|    explained_variance   | 0.819       |
|    learning_rate        | 0.0003      |
|    loss                 | -0.0422     |
|    n_updates            | 20          |
|    policy_gradient_loss | -0.0168     |
|    value_loss           | 0.00272     |
-----------------------------------------
-----------------------------------------
| rollout/                |             |
|    ep_len_mean          | 60          |
|    ep_rew_mean          | -0.6        |
| time/                   |             |
|    fps                  | 425         |
|    iterations           | 4           |
|    time_elapsed         | 19          |
|    total_timesteps      | 8192        |
| train/                  |             |
|    approx_kl            | 0.011053769 |
|    clip_fraction        | 0.0989      |
|    clip_range           | 0.2         |
|    entropy_loss         | -1.53       |
|    explained_variance   | 0.883       |
|    learning_rate        | 0.0003      |
|    loss                 | -0.0564     |
|    n_updates            | 30          |
|    policy_gradient_loss | -0.0097     |
|    value_loss           | 0.00116     |
-----------------------------------------
Eval num_timesteps=10000, episode_reward=-0.60 +/- 0.00
Episode length: 60.00 +/- 0.00
-----------------------------------------
| eval/                   |             |
|    mean_ep_length       | 60          |
|    mean_reward          | -0.6        |
| time/                   |             |
|    total_timesteps      | 10000       |
| train/                  |             |
|    approx_kl            | 0.019939527 |
|    clip_fraction        | 0.261       |
|    clip_range           | 0.2         |
|    entropy_loss         | -1.49       |
|    explained_variance   | 0.878       |
|    learning_rate        | 0.0003      |
|    loss                 | -0.039      |
|    n_updates            | 40          |
|    policy_gradient_loss | -0.0191     |
|    value_loss           | 0.00116     |
-----------------------------------------
New best mean reward!
---------------------------------
| rollout/           |          |
|    ep_len_mean     | 60.4     |
|    ep_rew_mean     | -0.604   |
| time/              |          |
|    fps             | 421      |
|    iterations      | 5        |
|    time_elapsed    | 24       |
|    total_timesteps | 10240    |
---------------------------------
-----------------------------------------
| rollout/                |             |
|    ep_len_mean          | 60.4        |
|    ep_rew_mean          | -0.604      |
| time/                   |             |
|    fps                  | 424         |
|    iterations           | 6           |
|    time_elapsed         | 28          |
|    total_timesteps      | 12288       |
| train/                  |             |
|    approx_kl            | 0.012301738 |
|    clip_fraction        | 0.142       |
|    clip_range           | 0.2         |
|    entropy_loss         | -1.47       |
|    explained_variance   | 0.882       |
|    learning_rate        | 0.0003      |
|    loss                 | -0.00973    |
|    n_updates            | 50          |
|    policy_gradient_loss | -0.016      |
|    value_loss           | 0.00151     |
-----------------------------------------
-----------------------------------------
| rollout/                |             |
|    ep_len_mean          | 60.4        |
|    ep_rew_mean          | -0.604      |
| time/                   |             |
|    fps                  | 427         |
|    iterations           | 7           |
|    time_elapsed         | 33          |
|    total_timesteps      | 14336       |
| train/                  |             |
|    approx_kl            | 0.013741164 |
|    clip_fraction        | 0.178       |
|    clip_range           | 0.2         |
|    entropy_loss         | -1.48       |
|    explained_variance   | 0.851       |
|    learning_rate        | 0.0003      |
|    loss                 | -0.0449     |
|    n_updates            | 60          |
|    policy_gradient_loss | -0.0175     |
|    value_loss           | 0.00145     |
-----------------------------------------
-----------------------------------------
| rollout/                |             |
|    ep_len_mean          | 60          |
|    ep_rew_mean          | -0.6        |
| time/                   |             |
|    fps                  | 430         |
|    iterations           | 8           |
|    time_elapsed         | 38          |
|    total_timesteps      | 16384       |
| train/                  |             |
|    approx_kl            | 0.012362165 |
|    clip_fraction        | 0.146       |
|    clip_range           | 0.2         |
|    entropy_loss         | -1.4        |
|    explained_variance   | 0.917       |
|    learning_rate        | 0.0003      |
|    loss                 | -0.0338     |
|    n_updates            | 70          |
|    policy_gradient_loss | -0.0128     |
|    value_loss           | 0.000777    |
-----------------------------------------
-----------------------------------------
| rollout/                |             |
|    ep_len_mean          | 60          |
|    ep_rew_mean          | -0.6        |
| time/                   |             |
|    fps                  | 431         |
|    iterations           | 9           |
|    time_elapsed         | 42          |
|    total_timesteps      | 18432       |
| train/                  |             |
|    approx_kl            | 0.012383416 |
|    clip_fraction        | 0.136       |
|    clip_range           | 0.2         |
|    entropy_loss         | -1.42       |
|    explained_variance   | 0.933       |
|    learning_rate        | 0.0003      |
|    loss                 | -0.0541     |
|    n_updates            | 80          |
|    policy_gradient_loss | -0.013      |
|    value_loss           | 0.000627    |
-----------------------------------------
Eval num_timesteps=20000, episode_reward=-0.60 +/- 0.00
Episode length: 60.00 +/- 0.00
----------------------------------------
| eval/                   |            |
|    mean_ep_length       | 60         |
|    mean_reward          | -0.6       |
| time/                   |            |
|    total_timesteps      | 20000      |
| train/                  |            |
|    approx_kl            | 0.00977932 |
|    clip_fraction        | 0.0967     |
|    clip_range           | 0.2        |
|    entropy_loss         | -1.38      |
|    explained_variance   | 0.936      |
|    learning_rate        | 0.0003     |
|    loss                 | -0.0236    |
|    n_updates            | 90         |
|    policy_gradient_loss | -0.0123    |
|    value_loss           | 0.000695   |
----------------------------------------
---------------------------------
| rollout/           |          |
|    ep_len_mean     | 60.4     |
|    ep_rew_mean     | -0.604   |
| time/              |          |
|    fps             | 430      |
|    iterations      | 10       |
|    time_elapsed    | 47       |
|    total_timesteps | 20480    |
---------------------------------
-----------------------------------------
| rollout/                |             |
|    ep_len_mean          | 60.4        |
|    ep_rew_mean          | -0.604      |
| time/                   |             |
|    fps                  | 432         |
|    iterations           | 11          |
|    time_elapsed         | 52          |
|    total_timesteps      | 22528       |
| train/                  |             |
|    approx_kl            | 0.010777883 |
|    clip_fraction        | 0.122       |
|    clip_range           | 0.2         |
|    entropy_loss         | -1.36       |
|    explained_variance   | 0.944       |
|    learning_rate        | 0.0003      |
|    loss                 | -0.0541     |
|    n_updates            | 100         |
|    policy_gradient_loss | -0.014      |
|    value_loss           | 0.000561    |
-----------------------------------------
------------------------------------------
| rollout/                |              |
|    ep_len_mean          | 60.4         |
|    ep_rew_mean          | -0.604       |
| time/                   |              |
|    fps                  | 433          |
|    iterations           | 12           |
|    time_elapsed         | 56           |
|    total_timesteps      | 24576        |
| train/                  |              |
|    approx_kl            | 0.0074568023 |
|    clip_fraction        | 0.102        |
|    clip_range           | 0.2          |
|    entropy_loss         | -1.29        |
|    explained_variance   | 0.96         |
|    learning_rate        | 0.0003       |
|    loss                 | -0.0256      |
|    n_updates            | 110          |
|    policy_gradient_loss | -0.0123      |
|    value_loss           | 0.000362     |
------------------------------------------
----------------------------------------
| rollout/                |            |
|    ep_len_mean          | 60         |
|    ep_rew_mean          | -0.6       |
| time/                   |            |
|    fps                  | 434        |
|    iterations           | 13         |
|    time_elapsed         | 61         |
|    total_timesteps      | 26624      |
| train/                  |            |
|    approx_kl            | 0.01284029 |
|    clip_fraction        | 0.137      |
|    clip_range           | 0.2        |
|    entropy_loss         | -1.28      |
|    explained_variance   | 0.961      |
|    learning_rate        | 0.0003     |
|    loss                 | -0.0555    |
|    n_updates            | 120        |
|    policy_gradient_loss | -0.0154    |
|    value_loss           | 0.00035    |
----------------------------------------
------------------------------------------
| rollout/                |              |
|    ep_len_mean          | 60           |
|    ep_rew_mean          | -0.6         |
| time/                   |              |
|    fps                  | 434          |
|    iterations           | 14           |
|    time_elapsed         | 65           |
|    total_timesteps      | 28672        |
| train/                  |              |
|    approx_kl            | 0.0068877013 |
|    clip_fraction        | 0.0954       |
|    clip_range           | 0.2          |
|    entropy_loss         | -1.29        |
|    explained_variance   | 0.973        |
|    learning_rate        | 0.0003       |
|    loss                 | -0.0388      |
|    n_updates            | 130          |
|    policy_gradient_loss | -0.0124      |
|    value_loss           | 0.000283     |
------------------------------------------
Eval num_timesteps=30000, episode_reward=-0.60 +/- 0.00
Episode length: 60.00 +/- 0.00
-----------------------------------------
| eval/                   |             |
|    mean_ep_length       | 60          |
|    mean_reward          | -0.6        |
| time/                   |             |
|    total_timesteps      | 30000       |
| train/                  |             |
|    approx_kl            | 0.009028852 |
|    clip_fraction        | 0.0881      |
|    clip_range           | 0.2         |
|    entropy_loss         | -1.22       |
|    explained_variance   | 0.975       |
|    learning_rate        | 0.0003      |
|    loss                 | -0.0508     |
|    n_updates            | 140         |
|    policy_gradient_loss | -0.0138     |
|    value_loss           | 0.000247    |
-----------------------------------------
---------------------------------
| rollout/           |          |
|    ep_len_mean     | 60.4     |
|    ep_rew_mean     | -0.604   |
| time/              |          |
|    fps             | 433      |
|    iterations      | 15       |
|    time_elapsed    | 70       |
|    total_timesteps | 30720    |
---------------------------------
----------------------------------------
| rollout/                |            |
|    ep_len_mean          | 60.4       |
|    ep_rew_mean          | -0.604     |
| time/                   |            |
|    fps                  | 434        |
|    iterations           | 16         |
|    time_elapsed         | 75         |
|    total_timesteps      | 32768      |
| train/                  |            |
|    approx_kl            | 0.00929149 |
|    clip_fraction        | 0.11       |
|    clip_range           | 0.2        |
|    entropy_loss         | -1.18      |
|    explained_variance   | 0.967      |
|    learning_rate        | 0.0003     |
|    loss                 | -0.00618   |
|    n_updates            | 150        |
|    policy_gradient_loss | -0.0134    |
|    value_loss           | 0.000261   |
----------------------------------------
-----------------------------------------
| rollout/                |             |
|    ep_len_mean          | 60.4        |
|    ep_rew_mean          | -0.604      |
| time/                   |             |
|    fps                  | 435         |
|    iterations           | 17          |
|    time_elapsed         | 79          |
|    total_timesteps      | 34816       |
| train/                  |             |
|    approx_kl            | 0.008275166 |
|    clip_fraction        | 0.0841      |
|    clip_range           | 0.2         |
|    entropy_loss         | -1.17       |
|    explained_variance   | 0.975       |
|    learning_rate        | 0.0003      |
|    loss                 | -0.007      |
|    n_updates            | 160         |
|    policy_gradient_loss | -0.0112     |
|    value_loss           | 0.00019     |
-----------------------------------------
-----------------------------------------
| rollout/                |             |
|    ep_len_mean          | 60          |
|    ep_rew_mean          | -0.6        |
| time/                   |             |
|    fps                  | 436         |
|    iterations           | 18          |
|    time_elapsed         | 84          |
|    total_timesteps      | 36864       |
| train/                  |             |
|    approx_kl            | 0.010790415 |
|    clip_fraction        | 0.116       |
|    clip_range           | 0.2         |
|    entropy_loss         | -1.11       |
|    explained_variance   | 0.971       |
|    learning_rate        | 0.0003      |
|    loss                 | -0.0623     |
|    n_updates            | 170         |
|    policy_gradient_loss | -0.0137     |
|    value_loss           | 0.000204    |
-----------------------------------------
-----------------------------------------
| rollout/                |             |
|    ep_len_mean          | 60          |
|    ep_rew_mean          | -0.6        |
| time/                   |             |
|    fps                  | 436         |
|    iterations           | 19          |
|    time_elapsed         | 89          |
|    total_timesteps      | 38912       |
| train/                  |             |
|    approx_kl            | 0.009094394 |
|    clip_fraction        | 0.131       |
|    clip_range           | 0.2         |
|    entropy_loss         | -1.07       |
|    explained_variance   | 0.973       |
|    learning_rate        | 0.0003      |
|    loss                 | -0.0506     |
|    n_updates            | 180         |
|    policy_gradient_loss | -0.0137     |
|    value_loss           | 0.000169    |
-----------------------------------------
Eval num_timesteps=40000, episode_reward=-0.60 +/- 0.00
Episode length: 60.00 +/- 0.00
-----------------------------------------
| eval/                   |             |
|    mean_ep_length       | 60          |
|    mean_reward          | -0.6        |
| time/                   |             |
|    total_timesteps      | 40000       |
| train/                  |             |
|    approx_kl            | 0.006936889 |
|    clip_fraction        | 0.0753      |
|    clip_range           | 0.2         |
|    entropy_loss         | -1.06       |
|    explained_variance   | 0.975       |
|    learning_rate        | 0.0003      |
|    loss                 | -0.0504     |
|    n_updates            | 190         |
|    policy_gradient_loss | -0.0112     |
|    value_loss           | 0.000146    |
-----------------------------------------
---------------------------------
| rollout/           |          |
|    ep_len_mean     | 60.4     |
|    ep_rew_mean     | -0.604   |
| time/              |          |
|    fps             | 435      |
|    iterations      | 20       |
|    time_elapsed    | 93       |
|    total_timesteps | 40960    |
---------------------------------
-----------------------------------------
| rollout/                |             |
|    ep_len_mean          | 60.4        |
|    ep_rew_mean          | -0.604      |
| time/                   |             |
|    fps                  | 436         |
|    iterations           | 21          |
|    time_elapsed         | 98          |
|    total_timesteps      | 43008       |
| train/                  |             |
|    approx_kl            | 0.010900443 |
|    clip_fraction        | 0.148       |
|    clip_range           | 0.2         |
|    entropy_loss         | -1.01       |
|    explained_variance   | 0.981       |
|    learning_rate        | 0.0003      |
|    loss                 | -0.0127     |
|    n_updates            | 200         |
|    policy_gradient_loss | -0.0146     |
|    value_loss           | 0.000114    |
-----------------------------------------
------------------------------------------
| rollout/                |              |
|    ep_len_mean          | 60.4         |
|    ep_rew_mean          | -0.604       |
| time/                   |              |
|    fps                  | 436          |
|    iterations           | 22           |
|    time_elapsed         | 103          |
|    total_timesteps      | 45056        |
| train/                  |              |
|    approx_kl            | 0.0074997824 |
|    clip_fraction        | 0.084        |
|    clip_range           | 0.2          |
|    entropy_loss         | -1           |
|    explained_variance   | 0.984        |
|    learning_rate        | 0.0003       |
|    loss                 | -0.0339      |
|    n_updates            | 210          |
|    policy_gradient_loss | -0.0127      |
|    value_loss           | 0.000103     |
------------------------------------------
-----------------------------------------
| rollout/                |             |
|    ep_len_mean          | 60          |
|    ep_rew_mean          | -0.6        |
| time/                   |             |
|    fps                  | 437         |
|    iterations           | 23          |
|    time_elapsed         | 107         |
|    total_timesteps      | 47104       |
| train/                  |             |
|    approx_kl            | 0.005467672 |
|    clip_fraction        | 0.067       |
|    clip_range           | 0.2         |
|    entropy_loss         | -0.967      |
|    explained_variance   | 0.981       |
|    learning_rate        | 0.0003      |
|    loss                 | 0.00987     |
|    n_updates            | 220         |
|    policy_gradient_loss | -0.00728    |
|    value_loss           | 9.66e-05    |
-----------------------------------------
------------------------------------------
| rollout/                |              |
|    ep_len_mean          | 60           |
|    ep_rew_mean          | -0.6         |
| time/                   |              |
|    fps                  | 437          |
|    iterations           | 24           |
|    time_elapsed         | 112          |
|    total_timesteps      | 49152        |
| train/                  |              |
|    approx_kl            | 0.0048997896 |
|    clip_fraction        | 0.0622       |
|    clip_range           | 0.2          |
|    entropy_loss         | -0.939       |
|    explained_variance   | 0.984        |
|    learning_rate        | 0.0003       |
|    loss                 | -0.0263      |
|    n_updates            | 230          |
|    policy_gradient_loss | -0.00876     |
|    value_loss           | 8.05e-05     |
------------------------------------------
Eval num_timesteps=50000, episode_reward=-0.60 +/- 0.00
Episode length: 60.00 +/- 0.00
-----------------------------------------
| eval/                   |             |
|    mean_ep_length       | 60          |
|    mean_reward          | -0.6        |
| time/                   |             |
|    total_timesteps      | 50000       |
| train/                  |             |
|    approx_kl            | 0.011028323 |
|    clip_fraction        | 0.089       |
|    clip_range           | 0.2         |
|    entropy_loss         | -0.99       |
|    explained_variance   | 0.981       |
|    learning_rate        | 0.0003      |
|    loss                 | -0.017      |
|    n_updates            | 240         |
|    policy_gradient_loss | -0.011      |
|    value_loss           | 8.41e-05    |
-----------------------------------------
---------------------------------
| rollout/           |          |
|    ep_len_mean     | 60.4     |
|    ep_rew_mean     | -0.604   |
| time/              |          |
|    fps             | 437      |
|    iterations      | 25       |
|    time_elapsed    | 117      |
|    total_timesteps | 51200    |
---------------------------------
-----------------------------------------
| rollout/                |             |
|    ep_len_mean          | 60.4        |
|    ep_rew_mean          | -0.604      |
| time/                   |             |
|    fps                  | 437         |
|    iterations           | 26          |
|    time_elapsed         | 121         |
|    total_timesteps      | 53248       |
| train/                  |             |
|    approx_kl            | 0.010026068 |
|    clip_fraction        | 0.101       |
|    clip_range           | 0.2         |
|    entropy_loss         | -0.994      |
|    explained_variance   | 0.982       |
|    learning_rate        | 0.0003      |
|    loss                 | -0.0426     |
|    n_updates            | 250         |
|    policy_gradient_loss | -0.0101     |
|    value_loss           | 8.87e-05    |
-----------------------------------------
-----------------------------------------
| rollout/                |             |
|    ep_len_mean          | 60.4        |
|    ep_rew_mean          | -0.604      |
| time/                   |             |
|    fps                  | 438         |
|    iterations           | 27          |
|    time_elapsed         | 126         |
|    total_timesteps      | 55296       |
| train/                  |             |
|    approx_kl            | 0.007908701 |
|    clip_fraction        | 0.0609      |
|    clip_range           | 0.2         |
|    entropy_loss         | -0.961      |
|    explained_variance   | 0.98        |
|    learning_rate        | 0.0003      |
|    loss                 | -0.0292     |
|    n_updates            | 260         |
|    policy_gradient_loss | -0.0102     |
|    value_loss           | 7.61e-05    |
-----------------------------------------
-----------------------------------------
| rollout/                |             |
|    ep_len_mean          | 60          |
|    ep_rew_mean          | -0.6        |
| time/                   |             |
|    fps                  | 438         |
|    iterations           | 28          |
|    time_elapsed         | 130         |
|    total_timesteps      | 57344       |
| train/                  |             |
|    approx_kl            | 0.005094047 |
|    clip_fraction        | 0.0503      |
|    clip_range           | 0.2         |
|    entropy_loss         | -0.955      |
|    explained_variance   | 0.988       |
|    learning_rate        | 0.0003      |
|    loss                 | -0.0136     |
|    n_updates            | 270         |
|    policy_gradient_loss | -0.00867    |
|    value_loss           | 6.58e-05    |
-----------------------------------------
---------------------------------------
| rollout/                |           |
|    ep_len_mean          | 60        |
|    ep_rew_mean          | -0.6      |
| time/                   |           |
|    fps                  | 438       |
|    iterations           | 29        |
|    time_elapsed         | 135       |
|    total_timesteps      | 59392     |
| train/                  |           |
|    approx_kl            | 0.0069642 |
|    clip_fraction        | 0.0673    |
|    clip_range           | 0.2       |
|    entropy_loss         | -0.928    |
|    explained_variance   | 0.989     |
|    learning_rate        | 0.0003    |
|    loss                 | -0.0256   |
|    n_updates            | 280       |
|    policy_gradient_loss | -0.0113   |
|    value_loss           | 6.02e-05  |
---------------------------------------
Eval num_timesteps=60000, episode_reward=-0.60 +/- 0.00
Episode length: 60.00 +/- 0.00
-----------------------------------------
| eval/                   |             |
|    mean_ep_length       | 60          |
|    mean_reward          | -0.6        |
| time/                   |             |
|    total_timesteps      | 60000       |
| train/                  |             |
|    approx_kl            | 0.010297226 |
|    clip_fraction        | 0.133       |
|    clip_range           | 0.2         |
|    entropy_loss         | -0.925      |
|    explained_variance   | 0.983       |
|    learning_rate        | 0.0003      |
|    loss                 | -0.0489     |
|    n_updates            | 290         |
|    policy_gradient_loss | -0.0139     |
|    value_loss           | 7.97e-05    |
-----------------------------------------
---------------------------------
| rollout/           |          |
|    ep_len_mean     | 60.4     |
|    ep_rew_mean     | -0.604   |
| time/              |          |
|    fps             | 438      |
|    iterations      | 30       |
|    time_elapsed    | 140      |
|    total_timesteps | 61440    |
---------------------------------
------------------------------------------
| rollout/                |              |
|    ep_len_mean          | 60.4         |
|    ep_rew_mean          | -0.604       |
| time/                   |              |
|    fps                  | 438          |
|    iterations           | 31           |
|    time_elapsed         | 144          |
|    total_timesteps      | 63488        |
| train/                  |              |
|    approx_kl            | 0.0052437168 |
|    clip_fraction        | 0.0566       |
|    clip_range           | 0.2          |
|    entropy_loss         | -0.964       |
|    explained_variance   | 0.966        |
|    learning_rate        | 0.0003       |
|    loss                 | -0.0291      |
|    n_updates            | 300          |
|    policy_gradient_loss | -0.01        |
|    value_loss           | 0.000189     |
------------------------------------------
-----------------------------------------
| rollout/                |             |
|    ep_len_mean          | 60.4        |
|    ep_rew_mean          | -0.604      |
| time/                   |             |
|    fps                  | 438         |
|    iterations           | 32          |
|    time_elapsed         | 149         |
|    total_timesteps      | 65536       |
| train/                  |             |
|    approx_kl            | 0.006968344 |
|    clip_fraction        | 0.0641      |
|    clip_range           | 0.2         |
|    entropy_loss         | -0.927      |
|    explained_variance   | 0.982       |
|    learning_rate        | 0.0003      |
|    loss                 | -0.0268     |
|    n_updates            | 310         |
|    policy_gradient_loss | -0.00975    |
|    value_loss           | 5.15e-05    |
-----------------------------------------
-----------------------------------------
| rollout/                |             |
|    ep_len_mean          | 60          |
|    ep_rew_mean          | -0.6        |
| time/                   |             |
|    fps                  | 439         |
|    iterations           | 33          |
|    time_elapsed         | 153         |
|    total_timesteps      | 67584       |
| train/                  |             |
|    approx_kl            | 0.007873687 |
|    clip_fraction        | 0.0795      |
|    clip_range           | 0.2         |
|    entropy_loss         | -0.908      |
|    explained_variance   | 0.987       |
|    learning_rate        | 0.0003      |
|    loss                 | -0.0282     |
|    n_updates            | 320         |
|    policy_gradient_loss | -0.0128     |
|    value_loss           | 5.06e-05    |
-----------------------------------------
-----------------------------------------
| rollout/                |             |
|    ep_len_mean          | 60          |
|    ep_rew_mean          | -0.6        |
| time/                   |             |
|    fps                  | 439         |
|    iterations           | 34          |
|    time_elapsed         | 158         |
|    total_timesteps      | 69632       |
| train/                  |             |
|    approx_kl            | 0.009087929 |
|    clip_fraction        | 0.115       |
|    clip_range           | 0.2         |
|    entropy_loss         | -0.913      |
|    explained_variance   | 0.993       |
|    learning_rate        | 0.0003      |
|    loss                 | -0.0214     |
|    n_updates            | 330         |
|    policy_gradient_loss | -0.0129     |
|    value_loss           | 3.68e-05    |
-----------------------------------------
Eval num_timesteps=70000, episode_reward=-0.60 +/- 0.00
Episode length: 60.00 +/- 0.00
-----------------------------------------
| eval/                   |             |
|    mean_ep_length       | 60          |
|    mean_reward          | -0.6        |
| time/                   |             |
|    total_timesteps      | 70000       |
| train/                  |             |
|    approx_kl            | 0.005734156 |
|    clip_fraction        | 0.0699      |
|    clip_range           | 0.2         |
|    entropy_loss         | -0.911      |
|    explained_variance   | 0.992       |
|    learning_rate        | 0.0003      |
|    loss                 | 0.00295     |
|    n_updates            | 340         |
|    policy_gradient_loss | -0.0102     |
|    value_loss           | 3.96e-05    |
-----------------------------------------
---------------------------------
| rollout/           |          |
|    ep_len_mean     | 60.4     |
|    ep_rew_mean     | -0.604   |
| time/              |          |
|    fps             | 438      |
|    iterations      | 35       |
|    time_elapsed    | 163      |
|    total_timesteps | 71680    |
---------------------------------
-----------------------------------------
| rollout/                |             |
|    ep_len_mean          | 60.4        |
|    ep_rew_mean          | -0.604      |
| time/                   |             |
|    fps                  | 438         |
|    iterations           | 36          |
|    time_elapsed         | 167         |
|    total_timesteps      | 73728       |
| train/                  |             |
|    approx_kl            | 0.007191449 |
|    clip_fraction        | 0.08        |
|    clip_range           | 0.2         |
|    entropy_loss         | -0.92       |
|    explained_variance   | 0.983       |
|    learning_rate        | 0.0003      |
|    loss                 | -0.0116     |
|    n_updates            | 350         |
|    policy_gradient_loss | -0.00886    |
|    value_loss           | 5.24e-05    |
-----------------------------------------
------------------------------------------
| rollout/                |              |
|    ep_len_mean          | 60.4         |
|    ep_rew_mean          | -0.604       |
| time/                   |              |
|    fps                  | 439          |
|    iterations           | 37           |
|    time_elapsed         | 172          |
|    total_timesteps      | 75776        |
| train/                  |              |
|    approx_kl            | 0.0096128415 |
|    clip_fraction        | 0.102        |
|    clip_range           | 0.2          |
|    entropy_loss         | -0.903       |
|    explained_variance   | 0.987        |
|    learning_rate        | 0.0003       |
|    loss                 | -0.0193      |
|    n_updates            | 360          |
|    policy_gradient_loss | -0.0126      |
|    value_loss           | 3.81e-05     |
------------------------------------------
-----------------------------------------
| rollout/                |             |
|    ep_len_mean          | 60          |
|    ep_rew_mean          | -0.6        |
| time/                   |             |
|    fps                  | 439         |
|    iterations           | 38          |
|    time_elapsed         | 177         |
|    total_timesteps      | 77824       |
| train/                  |             |
|    approx_kl            | 0.009536595 |
|    clip_fraction        | 0.115       |
|    clip_range           | 0.2         |
|    entropy_loss         | -0.891      |
|    explained_variance   | 0.991       |
|    learning_rate        | 0.0003      |
|    loss                 | 0.00366     |
|    n_updates            | 370         |
|    policy_gradient_loss | -0.0126     |
|    value_loss           | 4.91e-05    |
-----------------------------------------
-----------------------------------------
| rollout/                |             |
|    ep_len_mean          | 60          |
|    ep_rew_mean          | -0.6        |
| time/                   |             |
|    fps                  | 439         |
|    iterations           | 39          |
|    time_elapsed         | 181         |
|    total_timesteps      | 79872       |
| train/                  |             |
|    approx_kl            | 0.007916365 |
|    clip_fraction        | 0.0797      |
|    clip_range           | 0.2         |
|    entropy_loss         | -0.905      |
|    explained_variance   | 0.985       |
|    learning_rate        | 0.0003      |
|    loss                 | -0.0297     |
|    n_updates            | 380         |
|    policy_gradient_loss | -0.0132     |
|    value_loss           | 4.46e-05    |
-----------------------------------------
Eval num_timesteps=80000, episode_reward=-0.60 +/- 0.00
Episode length: 60.00 +/- 0.00
---------------------------------------
| eval/                   |           |
|    mean_ep_length       | 60        |
|    mean_reward          | -0.6      |
| time/                   |           |
|    total_timesteps      | 80000     |
| train/                  |           |
|    approx_kl            | 0.0105313 |
|    clip_fraction        | 0.114     |
|    clip_range           | 0.2       |
|    entropy_loss         | -0.9      |
|    explained_variance   | 0.99      |
|    learning_rate        | 0.0003    |
|    loss                 | -0.036    |
|    n_updates            | 390       |
|    policy_gradient_loss | -0.0146   |
|    value_loss           | 4.16e-05  |
---------------------------------------
---------------------------------
| rollout/           |          |
|    ep_len_mean     | 60.4     |
|    ep_rew_mean     | -0.604   |
| time/              |          |
|    fps             | 439      |
|    iterations      | 40       |
|    time_elapsed    | 186      |
|    total_timesteps | 81920    |
---------------------------------
------------------------------------------
| rollout/                |              |
|    ep_len_mean          | 60.3         |
|    ep_rew_mean          | -0.503       |
| time/                   |              |
|    fps                  | 439          |
|    iterations           | 41           |
|    time_elapsed         | 191          |
|    total_timesteps      | 83968        |
| train/                  |              |
|    approx_kl            | 0.0073569613 |
|    clip_fraction        | 0.0729       |
|    clip_range           | 0.2          |
|    entropy_loss         | -0.896       |
|    explained_variance   | 0.946        |
|    learning_rate        | 0.0003       |
|    loss                 | -0.0284      |
|    n_updates            | 400          |
|    policy_gradient_loss | -0.011       |
|    value_loss           | 0.000161     |
------------------------------------------
------------------------------------------
| rollout/                |              |
|    ep_len_mean          | 60.3         |
|    ep_rew_mean          | -0.402       |
| time/                   |              |
|    fps                  | 439          |
|    iterations           | 42           |
|    time_elapsed         | 195          |
|    total_timesteps      | 86016        |
| train/                  |              |
|    approx_kl            | 0.0055955267 |
|    clip_fraction        | 0.0604       |
|    clip_range           | 0.2          |
|    entropy_loss         | -0.893       |
|    explained_variance   | -0.00359     |
|    learning_rate        | 0.0003       |
|    loss                 | 0.0284       |
|    n_updates            | 410          |
|    policy_gradient_loss | -0.00381     |
|    value_loss           | 0.191        |
------------------------------------------
-----------------------------------------
| rollout/                |             |
|    ep_len_mean          | 59.7        |
|    ep_rew_mean          | -0.197      |
| time/                   |             |
|    fps                  | 439         |
|    iterations           | 43          |
|    time_elapsed         | 200         |
|    total_timesteps      | 88064       |
| train/                  |             |
|    approx_kl            | 0.008485446 |
|    clip_fraction        | 0.0783      |
|    clip_range           | 0.2         |
|    entropy_loss         | -0.886      |
|    explained_variance   | 0.786       |
|    learning_rate        | 0.0003      |
|    loss                 | 0.0993      |
|    n_updates            | 420         |
|    policy_gradient_loss | -0.0055     |
|    value_loss           | 0.103       |
-----------------------------------------
Eval num_timesteps=90000, episode_reward=-0.60 +/- 0.00
Episode length: 60.00 +/- 0.00
-----------------------------------------
| eval/                   |             |
|    mean_ep_length       | 60          |
|    mean_reward          | -0.6        |
| time/                   |             |
|    total_timesteps      | 90000       |
| train/                  |             |
|    approx_kl            | 0.009104209 |
|    clip_fraction        | 0.0869      |
|    clip_range           | 0.2         |
|    entropy_loss         | -0.893      |
|    explained_variance   | 0.883       |
|    learning_rate        | 0.0003      |
|    loss                 | 0.157       |
|    n_updates            | 430         |
|    policy_gradient_loss | -0.00491    |
|    value_loss           | 0.162       |
-----------------------------------------
---------------------------------
| rollout/           |          |
|    ep_len_mean     | 59.9     |
|    ep_rew_mean     | -0.298   |
| time/              |          |
|    fps             | 439      |
|    iterations      | 44       |
|    time_elapsed    | 205      |
|    total_timesteps | 90112    |
---------------------------------
-----------------------------------------
| rollout/                |             |
|    ep_len_mean          | 59.9        |
|    ep_rew_mean          | -0.399      |
| time/                   |             |
|    fps                  | 439         |
|    iterations           | 45          |
|    time_elapsed         | 209         |
|    total_timesteps      | 92160       |
| train/                  |             |
|    approx_kl            | 0.008253723 |
|    clip_fraction        | 0.085       |
|    clip_range           | 0.2         |
|    entropy_loss         | -0.897      |
|    explained_variance   | -0.623      |
|    learning_rate        | 0.0003      |
|    loss                 | -0.0117     |
|    n_updates            | 440         |
|    policy_gradient_loss | -0.009      |
|    value_loss           | 0.00227     |
-----------------------------------------
-----------------------------------------
| rollout/                |             |
|    ep_len_mean          | 60.1        |
|    ep_rew_mean          | -0.601      |
| time/                   |             |
|    fps                  | 439         |
|    iterations           | 46          |
|    time_elapsed         | 214         |
|    total_timesteps      | 94208       |
| train/                  |             |
|    approx_kl            | 0.008052023 |
|    clip_fraction        | 0.106       |
|    clip_range           | 0.2         |
|    entropy_loss         | -0.881      |
|    explained_variance   | 0.569       |
|    learning_rate        | 0.0003      |
|    loss                 | -0.0406     |
|    n_updates            | 450         |
|    policy_gradient_loss | -0.0128     |
|    value_loss           | 0.00141     |
-----------------------------------------
------------------------------------------
| rollout/                |              |
|    ep_len_mean          | 59.9         |
|    ep_rew_mean          | -0.499       |
| time/                   |              |
|    fps                  | 439          |
|    iterations           | 47           |
|    time_elapsed         | 218          |
|    total_timesteps      | 96256        |
| train/                  |              |
|    approx_kl            | 0.0052440017 |
|    clip_fraction        | 0.0552       |
|    clip_range           | 0.2          |
|    entropy_loss         | -0.861       |
|    explained_variance   | 0.861        |
|    learning_rate        | 0.0003       |
|    loss                 | -0.0204      |
|    n_updates            | 460          |
|    policy_gradient_loss | -0.00751     |
|    value_loss           | 0.000665     |
------------------------------------------
------------------------------------------
| rollout/                |              |
|    ep_len_mean          | 59.9         |
|    ep_rew_mean          | -0.499       |
| time/                   |              |
|    fps                  | 439          |
|    iterations           | 48           |
|    time_elapsed         | 223          |
|    total_timesteps      | 98304        |
| train/                  |              |
|    approx_kl            | 0.0062737446 |
|    clip_fraction        | 0.0862       |
|    clip_range           | 0.2          |
|    entropy_loss         | -0.884       |
|    explained_variance   | 0.903        |
|    learning_rate        | 0.0003       |
|    loss                 | -0.0236      |
|    n_updates            | 470          |
|    policy_gradient_loss | -0.00642     |
|    value_loss           | 0.0992       |
------------------------------------------
Eval num_timesteps=100000, episode_reward=-0.60 +/- 0.00
Episode length: 60.00 +/- 0.00
-----------------------------------------
| eval/                   |             |
|    mean_ep_length       | 60          |
|    mean_reward          | -0.6        |
| time/                   |             |
|    total_timesteps      | 100000      |
| train/                  |             |
|    approx_kl            | 0.007659672 |
|    clip_fraction        | 0.0788      |
|    clip_range           | 0.2         |
|    entropy_loss         | -0.909      |
|    explained_variance   | 0.757       |
|    learning_rate        | 0.0003      |
|    loss                 | -0.011      |
|    n_updates            | 480         |
|    policy_gradient_loss | -0.0103     |
|    value_loss           | 0.0012      |
-----------------------------------------
---------------------------------
| rollout/           |          |
|    ep_len_mean     | 60.4     |
|    ep_rew_mean     | -0.404   |
| time/              |          |
|    fps             | 439      |
|    iterations      | 49       |
|    time_elapsed    | 228      |
|    total_timesteps | 100352   |
---------------------------------
-----------------------------------------
| rollout/                |             |
|    ep_len_mean          | 60.4        |
|    ep_rew_mean          | -0.404      |
| time/                   |             |
|    fps                  | 439         |
|    iterations           | 50          |
|    time_elapsed         | 232         |
|    total_timesteps      | 102400      |
| train/                  |             |
|    approx_kl            | 0.006362369 |
|    clip_fraction        | 0.0566      |
|    clip_range           | 0.2         |
|    entropy_loss         | -0.941      |
|    explained_variance   | 0.89        |
|    learning_rate        | 0.0003      |
|    loss                 | 0.279       |
|    n_updates            | 490         |
|    policy_gradient_loss | -0.00296    |
|    value_loss           | 0.146       |
-----------------------------------------
-----------------------------------------
| rollout/                |             |
|    ep_len_mean          | 60.4        |
|    ep_rew_mean          | -0.404      |
| time/                   |             |
|    fps                  | 439         |
|    iterations           | 51          |
|    time_elapsed         | 237         |
|    total_timesteps      | 104448      |
| train/                  |             |
|    approx_kl            | 0.006741979 |
|    clip_fraction        | 0.0852      |
|    clip_range           | 0.2         |
|    entropy_loss         | -0.932      |
|    explained_variance   | 0.915       |
|    learning_rate        | 0.0003      |
|    loss                 | 0.312       |
|    n_updates            | 500         |
|    policy_gradient_loss | -0.00639    |
|    value_loss           | 0.226       |
-----------------------------------------
-----------------------------------------
| rollout/                |             |
|    ep_len_mean          | 59.8        |
|    ep_rew_mean          | -0.298      |
| time/                   |             |
|    fps                  | 439         |
|    iterations           | 52          |
|    time_elapsed         | 242         |
|    total_timesteps      | 106496      |
| train/                  |             |
|    approx_kl            | 0.010862444 |
|    clip_fraction        | 0.135       |
|    clip_range           | 0.2         |
|    entropy_loss         | -0.948      |
|    explained_variance   | 0.58        |
|    learning_rate        | 0.0003      |
|    loss                 | -0.0421     |
|    n_updates            | 510         |
|    policy_gradient_loss | -0.0108     |
|    value_loss           | 0.00179     |
-----------------------------------------
-----------------------------------------
| rollout/                |             |
|    ep_len_mean          | 59.9        |
|    ep_rew_mean          | -0.399      |
| time/                   |             |
|    fps                  | 439         |
|    iterations           | 53          |
|    time_elapsed         | 246         |
|    total_timesteps      | 108544      |
| train/                  |             |
|    approx_kl            | 0.006704974 |
|    clip_fraction        | 0.0595      |
|    clip_range           | 0.2         |
|    entropy_loss         | -0.962      |
|    explained_variance   | 0.885       |
|    learning_rate        | 0.0003      |
|    loss                 | 0.0839      |
|    n_updates            | 520         |
|    policy_gradient_loss | -0.00413    |
|    value_loss           | 0.303       |
-----------------------------------------
Eval num_timesteps=110000, episode_reward=-0.60 +/- 0.00
Episode length: 60.00 +/- 0.00
----------------------------------------
| eval/                   |            |
|    mean_ep_length       | 60         |
|    mean_reward          | -0.6       |
| time/                   |            |
|    total_timesteps      | 110000     |
| train/                  |            |
|    approx_kl            | 0.01077131 |
|    clip_fraction        | 0.0778     |
|    clip_range           | 0.2        |
|    entropy_loss         | -1         |
|    explained_variance   | -0.225     |
|    learning_rate        | 0.0003     |
|    loss                 | -0.0404    |
|    n_updates            | 530        |
|    policy_gradient_loss | -0.0103    |
|    value_loss           | 0.00308    |
----------------------------------------
---------------------------------
| rollout/           |          |
|    ep_len_mean     | 60.5     |
|    ep_rew_mean     | -0.404   |
| time/              |          |
|    fps             | 439      |
|    iterations      | 54       |
|    time_elapsed    | 251      |
|    total_timesteps | 110592   |
---------------------------------
------------------------------------------
| rollout/                |              |
|    ep_len_mean          | 60.5         |
|    ep_rew_mean          | -0.404       |
| time/                   |              |
|    fps                  | 439          |
|    iterations           | 55           |
|    time_elapsed         | 256          |
|    total_timesteps      | 112640       |
| train/                  |              |
|    approx_kl            | 0.0071229953 |
|    clip_fraction        | 0.0874       |
|    clip_range           | 0.2          |
|    entropy_loss         | -1.01        |
|    explained_variance   | 0.849        |
|    learning_rate        | 0.0003       |
|    loss                 | 0.182        |
|    n_updates            | 540          |
|    policy_gradient_loss | -0.00504     |
|    value_loss           | 0.123        |
------------------------------------------
-----------------------------------------
| rollout/                |             |
|    ep_len_mean          | 60.5        |
|    ep_rew_mean          | -0.304      |
| time/                   |             |
|    fps                  | 439         |
|    iterations           | 56          |
|    time_elapsed         | 260         |
|    total_timesteps      | 114688      |
| train/                  |             |
|    approx_kl            | 0.004624346 |
|    clip_fraction        | 0.0382      |
|    clip_range           | 0.2         |
|    entropy_loss         | -0.952      |
|    explained_variance   | 0.89        |
|    learning_rate        | 0.0003      |
|    loss                 | -0.0057     |
|    n_updates            | 550         |
|    policy_gradient_loss | -0.00566    |
|    value_loss           | 0.177       |
-----------------------------------------
-----------------------------------------
| rollout/                |             |
|    ep_len_mean          | 60          |
|    ep_rew_mean          | -0.4        |
| time/                   |             |
|    fps                  | 439         |
|    iterations           | 57          |
|    time_elapsed         | 265         |
|    total_timesteps      | 116736      |
| train/                  |             |
|    approx_kl            | 0.009530875 |
|    clip_fraction        | 0.0921      |
|    clip_range           | 0.2         |
|    entropy_loss         | -0.958      |
|    explained_variance   | 0.892       |
|    learning_rate        | 0.0003      |
|    loss                 | 0.257       |
|    n_updates            | 560         |
|    policy_gradient_loss | -0.00694    |
|    value_loss           | 0.169       |
-----------------------------------------
------------------------------------------
| rollout/                |              |
|    ep_len_mean          | 60           |
|    ep_rew_mean          | -0.5         |
| time/                   |              |
|    fps                  | 440          |
|    iterations           | 58           |
|    time_elapsed         | 269          |
|    total_timesteps      | 118784       |
| train/                  |              |
|    approx_kl            | 0.0071787224 |
|    clip_fraction        | 0.0898       |
|    clip_range           | 0.2          |
|    entropy_loss         | -0.974       |
|    explained_variance   | 0.384        |
|    learning_rate        | 0.0003       |
|    loss                 | -0.00515     |
|    n_updates            | 570          |
|    policy_gradient_loss | -0.0114      |
|    value_loss           | 0.00461      |
------------------------------------------
Eval num_timesteps=120000, episode_reward=-0.60 +/- 0.00
Episode length: 60.00 +/- 0.00
-----------------------------------------
| eval/                   |             |
|    mean_ep_length       | 60          |
|    mean_reward          | -0.6        |
| time/                   |             |
|    total_timesteps      | 120000      |
| train/                  |             |
|    approx_kl            | 0.012261923 |
|    clip_fraction        | 0.126       |
|    clip_range           | 0.2         |
|    entropy_loss         | -0.997      |
|    explained_variance   | 0.666       |
|    learning_rate        | 0.0003      |
|    loss                 | -0.0132     |
|    n_updates            | 580         |
|    policy_gradient_loss | -0.0102     |
|    value_loss           | 0.00161     |
-----------------------------------------
---------------------------------
| rollout/           |          |
|    ep_len_mean     | 60.5     |
|    ep_rew_mean     | -0.505   |
| time/              |          |
|    fps             | 440      |
|    iterations      | 59       |
|    time_elapsed    | 274      |
|    total_timesteps | 120832   |
---------------------------------
-----------------------------------------
| rollout/                |             |
|    ep_len_mean          | 60.5        |
|    ep_rew_mean          | -0.404      |
| time/                   |             |
|    fps                  | 440         |
|    iterations           | 60          |
|    time_elapsed         | 279         |
|    total_timesteps      | 122880      |
| train/                  |             |
|    approx_kl            | 0.011981621 |
|    clip_fraction        | 0.113       |
|    clip_range           | 0.2         |
|    entropy_loss         | -1.01       |
|    explained_variance   | 0.876       |
|    learning_rate        | 0.0003      |
|    loss                 | 0.0495      |
|    n_updates            | 590         |
|    policy_gradient_loss | -0.00814    |
|    value_loss           | 0.4         |
-----------------------------------------
----------------------------------------
| rollout/                |            |
|    ep_len_mean          | 60.5       |
|    ep_rew_mean          | -0.304     |
| time/                   |            |
|    fps                  | 440        |
|    iterations           | 61         |
|    time_elapsed         | 283        |
|    total_timesteps      | 124928     |
| train/                  |            |
|    approx_kl            | 0.00754984 |
|    clip_fraction        | 0.0832     |
|    clip_range           | 0.2        |
|    entropy_loss         | -0.992     |
|    explained_variance   | 0.919      |
|    learning_rate        | 0.0003     |
|    loss                 | 0.0186     |
|    n_updates            | 600        |
|    policy_gradient_loss | -0.00941   |
|    value_loss           | 0.206      |
----------------------------------------
-----------------------------------------
| rollout/                |             |
|    ep_len_mean          | 59.9        |
|    ep_rew_mean          | -0.198      |
| time/                   |             |
|    fps                  | 440         |
|    iterations           | 62          |
|    time_elapsed         | 288         |
|    total_timesteps      | 126976      |
| train/                  |             |
|    approx_kl            | 0.009219094 |
|    clip_fraction        | 0.0837      |
|    clip_range           | 0.2         |
|    entropy_loss         | -1.02       |
|    explained_variance   | 0.91        |
|    learning_rate        | 0.0003      |
|    loss                 | 0.192       |
|    n_updates            | 610         |
|    policy_gradient_loss | -0.00436    |
|    value_loss           | 0.315       |
-----------------------------------------
-----------------------------------------
| rollout/                |             |
|    ep_len_mean          | 59.9        |
|    ep_rew_mean          | -0.399      |
| time/                   |             |
|    fps                  | 440         |
|    iterations           | 63          |
|    time_elapsed         | 292         |
|    total_timesteps      | 129024      |
| train/                  |             |
|    approx_kl            | 0.007913805 |
|    clip_fraction        | 0.0693      |
|    clip_range           | 0.2         |
|    entropy_loss         | -1.02       |
|    explained_variance   | 0.901       |
|    learning_rate        | 0.0003      |
|    loss                 | 0.0155      |
|    n_updates            | 620         |
|    policy_gradient_loss | -0.00594    |
|    value_loss           | 0.168       |
-----------------------------------------
Eval num_timesteps=130000, episode_reward=-0.60 +/- 0.00
Episode length: 60.00 +/- 0.00
-----------------------------------------
| eval/                   |             |
|    mean_ep_length       | 60          |
|    mean_reward          | -0.6        |
| time/                   |             |
|    total_timesteps      | 130000      |
| train/                  |             |
|    approx_kl            | 0.007456133 |
|    clip_fraction        | 0.0802      |
|    clip_range           | 0.2         |
|    entropy_loss         | -1.03       |
|    explained_variance   | -0.907      |
|    learning_rate        | 0.0003      |
|    loss                 | -0.0541     |
|    n_updates            | 630         |
|    policy_gradient_loss | -0.0122     |
|    value_loss           | 0.0134      |
-----------------------------------------
---------------------------------
| rollout/           |          |
|    ep_len_mean     | 60.5     |
|    ep_rew_mean     | -0.505   |
| time/              |          |
|    fps             | 440      |
|    iterations      | 64       |
|    time_elapsed    | 297      |
|    total_timesteps | 131072   |
---------------------------------
-----------------------------------------
| rollout/                |             |
|    ep_len_mean          | 60.5        |
|    ep_rew_mean          | -0.505      |
| time/                   |             |
|    fps                  | 440         |
|    iterations           | 65          |
|    time_elapsed         | 302         |
|    total_timesteps      | 133120      |
| train/                  |             |
|    approx_kl            | 0.012589153 |
|    clip_fraction        | 0.11        |
|    clip_range           | 0.2         |
|    entropy_loss         | -1.04       |
|    explained_variance   | 0.597       |
|    learning_rate        | 0.0003      |
|    loss                 | -0.0181     |
|    n_updates            | 640         |
|    policy_gradient_loss | -0.0128     |
|    value_loss           | 0.00245     |
-----------------------------------------
-----------------------------------------
| rollout/                |             |
|    ep_len_mean          | 60.5        |
|    ep_rew_mean          | -0.505      |
| time/                   |             |
|    fps                  | 440         |
|    iterations           | 66          |
|    time_elapsed         | 306         |
|    total_timesteps      | 135168      |
| train/                  |             |
|    approx_kl            | 0.008022242 |
|    clip_fraction        | 0.0835      |
|    clip_range           | 0.2         |
|    entropy_loss         | -1          |
|    explained_variance   | 0.91        |
|    learning_rate        | 0.0003      |
|    loss                 | 0.0157      |
|    n_updates            | 650         |
|    policy_gradient_loss | -0.00507    |
|    value_loss           | 0.0928      |
-----------------------------------------
-----------------------------------------
| rollout/                |             |
|    ep_len_mean          | 59.9        |
|    ep_rew_mean          | -0.299      |
| time/                   |             |
|    fps                  | 440         |
|    iterations           | 67          |
|    time_elapsed         | 311         |
|    total_timesteps      | 137216      |
| train/                  |             |
|    approx_kl            | 0.010488009 |
|    clip_fraction        | 0.0973      |
|    clip_range           | 0.2         |
|    entropy_loss         | -1.04       |
|    explained_variance   | 0.113       |
|    learning_rate        | 0.0003      |
|    loss                 | -0.0424     |
|    n_updates            | 660         |
|    policy_gradient_loss | -0.0116     |
|    value_loss           | 0.00406     |
-----------------------------------------
-----------------------------------------
| rollout/                |             |
|    ep_len_mean          | 59.9        |
|    ep_rew_mean          | -0.399      |
| time/                   |             |
|    fps                  | 440         |
|    iterations           | 68          |
|    time_elapsed         | 316         |
|    total_timesteps      | 139264      |
| train/                  |             |
|    approx_kl            | 0.005674007 |
|    clip_fraction        | 0.0636      |
|    clip_range           | 0.2         |
|    entropy_loss         | -1.01       |
|    explained_variance   | 0.892       |
|    learning_rate        | 0.0003      |
|    loss                 | 0.308       |
|    n_updates            | 670         |
|    policy_gradient_loss | -0.00574    |
|    value_loss           | 0.252       |
-----------------------------------------
Eval num_timesteps=140000, episode_reward=-0.60 +/- 0.00
Episode length: 60.00 +/- 0.00
-----------------------------------------
| eval/                   |             |
|    mean_ep_length       | 60          |
|    mean_reward          | -0.6        |
| time/                   |             |
|    total_timesteps      | 140000      |
| train/                  |             |
|    approx_kl            | 0.015368812 |
|    clip_fraction        | 0.102       |
|    clip_range           | 0.2         |
|    entropy_loss         | -1.02       |
|    explained_variance   | 0.391       |
|    learning_rate        | 0.0003      |
|    loss                 | -0.0198     |
|    n_updates            | 680         |
|    policy_gradient_loss | -0.0147     |
|    value_loss           | 0.00482     |
-----------------------------------------
---------------------------------
| rollout/           |          |
|    ep_len_mean     | 60.4     |
|    ep_rew_mean     | -0.304   |
| time/              |          |
|    fps             | 440      |
|    iterations      | 69       |
|    time_elapsed    | 320      |
|    total_timesteps | 141312   |
---------------------------------
-----------------------------------------
| rollout/                |             |
|    ep_len_mean          | 60.4        |
|    ep_rew_mean          | -0.404      |
| time/                   |             |
|    fps                  | 440         |
|    iterations           | 70          |
|    time_elapsed         | 325         |
|    total_timesteps      | 143360      |
| train/                  |             |
|    approx_kl            | 0.005210571 |
|    clip_fraction        | 0.0392      |
|    clip_range           | 0.2         |
|    entropy_loss         | -1.04       |
|    explained_variance   | 0.927       |
|    learning_rate        | 0.0003      |
|    loss                 | 0.014       |
|    n_updates            | 690         |
|    policy_gradient_loss | -0.00521    |
|    value_loss           | 0.0525      |
-----------------------------------------
-----------------------------------------
| rollout/                |             |
|    ep_len_mean          | 60.4        |
|    ep_rew_mean          | -0.404      |
| time/                   |             |
|    fps                  | 440         |
|    iterations           | 71          |
|    time_elapsed         | 330         |
|    total_timesteps      | 145408      |
| train/                  |             |
|    approx_kl            | 0.009618232 |
|    clip_fraction        | 0.0912      |
|    clip_range           | 0.2         |
|    entropy_loss         | -0.984      |
|    explained_variance   | 0.937       |
|    learning_rate        | 0.0003      |
|    loss                 | 0.0391      |
|    n_updates            | 700         |
|    policy_gradient_loss | -0.0104     |
|    value_loss           | 0.112       |
-----------------------------------------
----------------------------------------
| rollout/                |            |
|    ep_len_mean          | 59.8       |
|    ep_rew_mean          | -0.298     |
| time/                   |            |
|    fps                  | 440        |
|    iterations           | 72         |
|    time_elapsed         | 334        |
|    total_timesteps      | 147456     |
| train/                  |            |
|    approx_kl            | 0.01053201 |
|    clip_fraction        | 0.114      |
|    clip_range           | 0.2        |
|    entropy_loss         | -0.999     |
|    explained_variance   | 0.981      |
|    learning_rate        | 0.0003     |
|    loss                 | -0.0183    |
|    n_updates            | 710        |
|    policy_gradient_loss | -0.0127    |
|    value_loss           | 0.0144     |
----------------------------------------
------------------------------------------
| rollout/                |              |
|    ep_len_mean          | 59.9         |
|    ep_rew_mean          | -0.399       |
| time/                   |              |
|    fps                  | 440          |
|    iterations           | 73           |
|    time_elapsed         | 339          |
|    total_timesteps      | 149504       |
| train/                  |              |
|    approx_kl            | 0.0060953205 |
|    clip_fraction        | 0.0498       |
|    clip_range           | 0.2          |
|    entropy_loss         | -1.02        |
|    explained_variance   | 0.966        |
|    learning_rate        | 0.0003       |
|    loss                 | -0.0101      |
|    n_updates            | 720          |
|    policy_gradient_loss | -0.00469     |
|    value_loss           | 0.0871       |
------------------------------------------
Eval num_timesteps=150000, episode_reward=-0.60 +/- 0.00
Episode length: 60.00 +/- 0.00
-----------------------------------------
| eval/                   |             |
|    mean_ep_length       | 60          |
|    mean_reward          | -0.6        |
| time/                   |             |
|    total_timesteps      | 150000      |
| train/                  |             |
|    approx_kl            | 0.007987201 |
|    clip_fraction        | 0.0699      |
|    clip_range           | 0.2         |
|    entropy_loss         | -1          |
|    explained_variance   | 0.862       |
|    learning_rate        | 0.0003      |
|    loss                 | 0.00315     |
|    n_updates            | 730         |
|    policy_gradient_loss | -0.01       |
|    value_loss           | 0.0245      |
-----------------------------------------
---------------------------------
| rollout/           |          |
|    ep_len_mean     | 59.8     |
|    ep_rew_mean     | -0.198   |
| time/              |          |
|    fps             | 440      |
|    iterations      | 74       |
|    time_elapsed    | 344      |
|    total_timesteps | 151552   |
---------------------------------
-----------------------------------------
| rollout/                |             |
|    ep_len_mean          | 59.9        |
|    ep_rew_mean          | -0.298      |
| time/                   |             |
|    fps                  | 440         |
|    iterations           | 75          |
|    time_elapsed         | 348         |
|    total_timesteps      | 153600      |
| train/                  |             |
|    approx_kl            | 0.011520438 |
|    clip_fraction        | 0.109       |
|    clip_range           | 0.2         |
|    entropy_loss         | -0.946      |
|    explained_variance   | 0.939       |
|    learning_rate        | 0.0003      |
|    loss                 | -0.000464   |
|    n_updates            | 740         |
|    policy_gradient_loss | -0.0133     |
|    value_loss           | 0.0366      |
-----------------------------------------
------------------------------------------
| rollout/                |              |
|    ep_len_mean          | 59.8         |
|    ep_rew_mean          | -0.0971      |
| time/                   |              |
|    fps                  | 440          |
|    iterations           | 76           |
|    time_elapsed         | 353          |
|    total_timesteps      | 155648       |
| train/                  |              |
|    approx_kl            | 0.0072339606 |
|    clip_fraction        | 0.0972       |
|    clip_range           | 0.2          |
|    entropy_loss         | -0.969       |
|    explained_variance   | 0.969        |
|    learning_rate        | 0.0003       |
|    loss                 | -0.0169      |
|    n_updates            | 750          |
|    policy_gradient_loss | -0.00821     |
|    value_loss           | 0.0427       |
------------------------------------------
-----------------------------------------
| rollout/                |             |
|    ep_len_mean          | 59.8        |
|    ep_rew_mean          | -0.298      |
| time/                   |             |
|    fps                  | 440         |
|    iterations           | 77          |
|    time_elapsed         | 357         |
|    total_timesteps      | 157696      |
| train/                  |             |
|    approx_kl            | 0.004232047 |
|    clip_fraction        | 0.0337      |
|    clip_range           | 0.2         |
|    entropy_loss         | -0.957      |
|    explained_variance   | 0.914       |
|    learning_rate        | 0.0003      |
|    loss                 | -0.0301     |
|    n_updates            | 760         |
|    policy_gradient_loss | -0.00563    |
|    value_loss           | 0.131       |
-----------------------------------------
------------------------------------------
| rollout/                |              |
|    ep_len_mean          | 59.9         |
|    ep_rew_mean          | -0.399       |
| time/                   |              |
|    fps                  | 440          |
|    iterations           | 78           |
|    time_elapsed         | 362          |
|    total_timesteps      | 159744       |
| train/                  |              |
|    approx_kl            | 0.0073827486 |
|    clip_fraction        | 0.0691       |
|    clip_range           | 0.2          |
|    entropy_loss         | -0.947       |
|    explained_variance   | 0.718        |
|    learning_rate        | 0.0003       |
|    loss                 | 0.00525      |
|    n_updates            | 770          |
|    policy_gradient_loss | -0.0097      |
|    value_loss           | 0.0271       |
------------------------------------------
Eval num_timesteps=160000, episode_reward=-0.60 +/- 0.00
Episode length: 60.00 +/- 0.00
-----------------------------------------
| eval/                   |             |
|    mean_ep_length       | 60          |
|    mean_reward          | -0.6        |
| time/                   |             |
|    total_timesteps      | 160000      |
| train/                  |             |
|    approx_kl            | 0.008079267 |
|    clip_fraction        | 0.0724      |
|    clip_range           | 0.2         |
|    entropy_loss         | -0.939      |
|    explained_variance   | 0.917       |
|    learning_rate        | 0.0003      |
|    loss                 | 0.00358     |
|    n_updates            | 780         |
|    policy_gradient_loss | -0.00445    |
|    value_loss           | 0.118       |
-----------------------------------------
---------------------------------
| rollout/           |          |
|    ep_len_mean     | 59.9     |
|    ep_rew_mean     | -0.299   |
| time/              |          |
|    fps             | 440      |
|    iterations      | 79       |
|    time_elapsed    | 367      |
|    total_timesteps | 161792   |
---------------------------------
-----------------------------------------
| rollout/                |             |
|    ep_len_mean          | 59.9        |
|    ep_rew_mean          | -0.299      |
| time/                   |             |
|    fps                  | 440         |
|    iterations           | 80          |
|    time_elapsed         | 371         |
|    total_timesteps      | 163840      |
| train/                  |             |
|    approx_kl            | 0.005544808 |
|    clip_fraction        | 0.0426      |
|    clip_range           | 0.2         |
|    entropy_loss         | -0.957      |
|    explained_variance   | 0.927       |
|    learning_rate        | 0.0003      |
|    loss                 | 0.00205     |
|    n_updates            | 790         |
|    policy_gradient_loss | -0.00339    |
|    value_loss           | 0.155       |
-----------------------------------------
----------------------------------------
| rollout/                |            |
|    ep_len_mean          | 60         |
|    ep_rew_mean          | -0.4       |
| time/                   |            |
|    fps                  | 440        |
|    iterations           | 81         |
|    time_elapsed         | 376        |
|    total_timesteps      | 165888     |
| train/                  |            |
|    approx_kl            | 0.01941488 |
|    clip_fraction        | 0.121      |
|    clip_range           | 0.2        |
|    entropy_loss         | -0.964     |
|    explained_variance   | 0.327      |
|    learning_rate        | 0.0003     |
|    loss                 | -0.0347    |
|    n_updates            | 800        |
|    policy_gradient_loss | -0.0175    |
|    value_loss           | 0.00649    |
----------------------------------------
-----------------------------------------
| rollout/                |             |
|    ep_len_mean          | 60          |
|    ep_rew_mean          | -0.499      |
| time/                   |             |
|    fps                  | 440         |
|    iterations           | 82          |
|    time_elapsed         | 381         |
|    total_timesteps      | 167936      |
| train/                  |             |
|    approx_kl            | 0.008053638 |
|    clip_fraction        | 0.0814      |
|    clip_range           | 0.2         |
|    entropy_loss         | -1.01       |
|    explained_variance   | 0.363       |
|    learning_rate        | 0.0003      |
|    loss                 | -0.0222     |
|    n_updates            | 810         |
|    policy_gradient_loss | -0.0119     |
|    value_loss           | 0.00711     |
-----------------------------------------
-----------------------------------------
| rollout/                |             |
|    ep_len_mean          | 59.9        |
|    ep_rew_mean          | -0.298      |
| time/                   |             |
|    fps                  | 440         |
|    iterations           | 83          |
|    time_elapsed         | 385         |
|    total_timesteps      | 169984      |
| train/                  |             |
|    approx_kl            | 0.008933663 |
|    clip_fraction        | 0.0955      |
|    clip_range           | 0.2         |
|    entropy_loss         | -1.01       |
|    explained_variance   | 0.941       |
|    learning_rate        | 0.0003      |
|    loss                 | -0.0444     |
|    n_updates            | 820         |
|    policy_gradient_loss | -0.00649    |
|    value_loss           | 0.0418      |
-----------------------------------------
Eval num_timesteps=170000, episode_reward=-0.60 +/- 0.00
Episode length: 60.00 +/- 0.00
-----------------------------------------
| eval/                   |             |
|    mean_ep_length       | 60          |
|    mean_reward          | -0.6        |
| time/                   |             |
|    total_timesteps      | 170000      |
| train/                  |             |
|    approx_kl            | 0.008343474 |
|    clip_fraction        | 0.0648      |
|    clip_range           | 0.2         |
|    entropy_loss         | -1.02       |
|    explained_variance   | 0.799       |
|    learning_rate        | 0.0003      |
|    loss                 | 0.0488      |
|    n_updates            | 830         |
|    policy_gradient_loss | -0.00621    |
|    value_loss           | 0.112       |
-----------------------------------------
---------------------------------
| rollout/           |          |
|    ep_len_mean     | 59.8     |
|    ep_rew_mean     | -0.198   |
| time/              |          |
|    fps             | 440      |
|    iterations      | 84       |
|    time_elapsed    | 390      |
|    total_timesteps | 172032   |
---------------------------------
-----------------------------------------
| rollout/                |             |
|    ep_len_mean          | 59.8        |
|    ep_rew_mean          | -0.197      |
| time/                   |             |
|    fps                  | 440         |
|    iterations           | 85          |
|    time_elapsed         | 395         |
|    total_timesteps      | 174080      |
| train/                  |             |
|    approx_kl            | 0.007930752 |
|    clip_fraction        | 0.1         |
|    clip_range           | 0.2         |
|    entropy_loss         | -1          |
|    explained_variance   | 0.893       |
|    learning_rate        | 0.0003      |
|    loss                 | -0.00683    |
|    n_updates            | 840         |
|    policy_gradient_loss | -0.00405    |
|    value_loss           | 0.0819      |
-----------------------------------------
------------------------------------------
| rollout/                |              |
|    ep_len_mean          | 59.9         |
|    ep_rew_mean          | -0.398       |
| time/                   |              |
|    fps                  | 440          |
|    iterations           | 86           |
|    time_elapsed         | 399          |
|    total_timesteps      | 176128       |
| train/                  |              |
|    approx_kl            | 0.0071174856 |
|    clip_fraction        | 0.0625       |
|    clip_range           | 0.2          |
|    entropy_loss         | -1.03        |
|    explained_variance   | 0.896        |
|    learning_rate        | 0.0003       |
|    loss                 | 0.0351       |
|    n_updates            | 850          |
|    policy_gradient_loss | -0.00478     |
|    value_loss           | 0.119        |
------------------------------------------
-----------------------------------------
| rollout/                |             |
|    ep_len_mean          | 59.9        |
|    ep_rew_mean          | -0.499      |
| time/                   |             |
|    fps                  | 440         |
|    iterations           | 87          |
|    time_elapsed         | 404         |
|    total_timesteps      | 178176      |
| train/                  |             |
|    approx_kl            | 0.010610772 |
|    clip_fraction        | 0.138       |
|    clip_range           | 0.2         |
|    entropy_loss         | -1.1        |
|    explained_variance   | 0.901       |
|    learning_rate        | 0.0003      |
|    loss                 | -0.0188     |
|    n_updates            | 860         |
|    policy_gradient_loss | -0.0117     |
|    value_loss           | 0.00243     |
-----------------------------------------
Eval num_timesteps=180000, episode_reward=-0.60 +/- 0.00
Episode length: 60.00 +/- 0.00
----------------------------------------
| eval/                   |            |
|    mean_ep_length       | 60         |
|    mean_reward          | -0.6       |
| time/                   |            |
|    total_timesteps      | 180000     |
| train/                  |            |
|    approx_kl            | 0.00908488 |
|    clip_fraction        | 0.0938     |
|    clip_range           | 0.2        |
|    entropy_loss         | -1.08      |
|    explained_variance   | 0.947      |
|    learning_rate        | 0.0003     |
|    loss                 | -0.0397    |
|    n_updates            | 870        |
|    policy_gradient_loss | -0.00851   |
|    value_loss           | 0.0495     |
----------------------------------------
---------------------------------
| rollout/           |          |
|    ep_len_mean     | 60.5     |
|    ep_rew_mean     | -0.505   |
| time/              |          |
|    fps             | 440      |
|    iterations      | 88       |
|    time_elapsed    | 408      |
|    total_timesteps | 180224   |
---------------------------------
-----------------------------------------
| rollout/                |             |
|    ep_len_mean          | 60.5        |
|    ep_rew_mean          | -0.405      |
| time/                   |             |
|    fps                  | 440         |
|    iterations           | 89          |
|    time_elapsed         | 413         |
|    total_timesteps      | 182272      |
| train/                  |             |
|    approx_kl            | 0.009359933 |
|    clip_fraction        | 0.0826      |
|    clip_range           | 0.2         |
|    entropy_loss         | -1.08       |
|    explained_variance   | 0.805       |
|    learning_rate        | 0.0003      |
|    loss                 | -0.00581    |
|    n_updates            | 880         |
|    policy_gradient_loss | -0.00461    |
|    value_loss           | 0.0327      |
-----------------------------------------
-----------------------------------------
| rollout/                |             |
|    ep_len_mean          | 60.4        |
|    ep_rew_mean          | -0.203      |
| time/                   |             |
|    fps                  | 440         |
|    iterations           | 90          |
|    time_elapsed         | 418         |
|    total_timesteps      | 184320      |
| train/                  |             |
|    approx_kl            | 0.009121742 |
|    clip_fraction        | 0.0826      |
|    clip_range           | 0.2         |
|    entropy_loss         | -1.04       |
|    explained_variance   | 0.928       |
|    learning_rate        | 0.0003      |
|    loss                 | 0.0695      |
|    n_updates            | 890         |
|    policy_gradient_loss | -0.00811    |
|    value_loss           | 0.139       |
-----------------------------------------
------------------------------------------
| rollout/                |              |
|    ep_len_mean          | 59.8         |
|    ep_rew_mean          | -0.298       |
| time/                   |              |
|    fps                  | 440          |
|    iterations           | 91           |
|    time_elapsed         | 422          |
|    total_timesteps      | 186368       |
| train/                  |              |
|    approx_kl            | 0.0061388463 |
|    clip_fraction        | 0.0604       |
|    clip_range           | 0.2          |
|    entropy_loss         | -1.02        |
|    explained_variance   | 0.901        |
|    learning_rate        | 0.0003       |
|    loss                 | 0.00303      |
|    n_updates            | 900          |
|    policy_gradient_loss | -0.00536     |
|    value_loss           | 0.28         |
------------------------------------------
-----------------------------------------
| rollout/                |             |
|    ep_len_mean          | 59.9        |
|    ep_rew_mean          | -0.398      |
| time/                   |             |
|    fps                  | 440         |
|    iterations           | 92          |
|    time_elapsed         | 427         |
|    total_timesteps      | 188416      |
| train/                  |             |
|    approx_kl            | 0.009095959 |
|    clip_fraction        | 0.108       |
|    clip_range           | 0.2         |
|    entropy_loss         | -1.09       |
|    explained_variance   | 0.959       |
|    learning_rate        | 0.0003      |
|    loss                 | -0.0045     |
|    n_updates            | 910         |
|    policy_gradient_loss | -0.00667    |
|    value_loss           | 0.0689      |
-----------------------------------------
Eval num_timesteps=190000, episode_reward=-0.60 +/- 0.00
Episode length: 60.00 +/- 0.00
-----------------------------------------
| eval/                   |             |
|    mean_ep_length       | 60          |
|    mean_reward          | -0.6        |
| time/                   |             |
|    total_timesteps      | 190000      |
| train/                  |             |
|    approx_kl            | 0.010044215 |
|    clip_fraction        | 0.126       |
|    clip_range           | 0.2         |
|    entropy_loss         | -1.1        |
|    explained_variance   | 0.92        |
|    learning_rate        | 0.0003      |
|    loss                 | -0.0355     |
|    n_updates            | 920         |
|    policy_gradient_loss | -0.0111     |
|    value_loss           | 0.0923      |
-----------------------------------------
---------------------------------
| rollout/           |          |
|    ep_len_mean     | 60.5     |
|    ep_rew_mean     | -0.405   |
| time/              |          |
|    fps             | 440      |
|    iterations      | 93       |
|    time_elapsed    | 432      |
|    total_timesteps | 190464   |
---------------------------------
-----------------------------------------
| rollout/                |             |
|    ep_len_mean          | 60.4        |
|    ep_rew_mean          | -0.103      |
| time/                   |             |
|    fps                  | 440         |
|    iterations           | 94          |
|    time_elapsed         | 436         |
|    total_timesteps      | 192512      |
| train/                  |             |
|    approx_kl            | 0.008629046 |
|    clip_fraction        | 0.0908      |
|    clip_range           | 0.2         |
|    entropy_loss         | -1.11       |
|    explained_variance   | 0.89        |
|    learning_rate        | 0.0003      |
|    loss                 | 0.363       |
|    n_updates            | 930         |
|    policy_gradient_loss | -0.00497    |
|    value_loss           | 0.283       |
-----------------------------------------
------------------------------------------
| rollout/                |              |
|    ep_len_mean          | 60.3         |
|    ep_rew_mean          | -0.0027      |
| time/                   |              |
|    fps                  | 440          |
|    iterations           | 95           |
|    time_elapsed         | 441          |
|    total_timesteps      | 194560       |
| train/                  |              |
|    approx_kl            | 0.0065496396 |
|    clip_fraction        | 0.0736       |
|    clip_range           | 0.2          |
|    entropy_loss         | -1.1         |
|    explained_variance   | 0.919        |
|    learning_rate        | 0.0003       |
|    loss                 | 0.00624      |
|    n_updates            | 940          |
|    policy_gradient_loss | -0.00438     |
|    value_loss           | 0.324        |
------------------------------------------
-----------------------------------------
| rollout/                |             |
|    ep_len_mean          | 59.7        |
|    ep_rew_mean          | 0.0035      |
| time/                   |             |
|    fps                  | 440         |
|    iterations           | 96          |
|    time_elapsed         | 445         |
|    total_timesteps      | 196608      |
| train/                  |             |
|    approx_kl            | 0.007609318 |
|    clip_fraction        | 0.101       |
|    clip_range           | 0.2         |
|    entropy_loss         | -1.12       |
|    explained_variance   | 0.914       |
|    learning_rate        | 0.0003      |
|    loss                 | 0.00585     |
|    n_updates            | 950         |
|    policy_gradient_loss | -0.00707    |
|    value_loss           | 0.146       |
-----------------------------------------
-----------------------------------------
| rollout/                |             |
|    ep_len_mean          | 59.7        |
|    ep_rew_mean          | -0.0968     |
| time/                   |             |
|    fps                  | 440         |
|    iterations           | 97          |
|    time_elapsed         | 450         |
|    total_timesteps      | 198656      |
| train/                  |             |
|    approx_kl            | 0.009341612 |
|    clip_fraction        | 0.105       |
|    clip_range           | 0.2         |
|    entropy_loss         | -1.12       |
|    explained_variance   | 0.908       |
|    learning_rate        | 0.0003      |
|    loss                 | 0.0172      |
|    n_updates            | 960         |
|    policy_gradient_loss | -0.00921    |
|    value_loss           | 0.262       |
-----------------------------------------
Eval num_timesteps=200000, episode_reward=-0.60 +/- 0.00
Episode length: 60.00 +/- 0.00
-----------------------------------------
| eval/                   |             |
|    mean_ep_length       | 60          |
|    mean_reward          | -0.6        |
| time/                   |             |
|    total_timesteps      | 200000      |
| train/                  |             |
|    approx_kl            | 0.008639527 |
|    clip_fraction        | 0.0811      |
|    clip_range           | 0.2         |
|    entropy_loss         | -1.1        |
|    explained_variance   | 0.942       |
|    learning_rate        | 0.0003      |
|    loss                 | -0.00463    |
|    n_updates            | 970         |
|    policy_gradient_loss | -0.00629    |
|    value_loss           | 0.199       |
-----------------------------------------
---------------------------------
| rollout/           |          |
|    ep_len_mean     | 60       |
|    ep_rew_mean     | -0.1     |
| time/              |          |
|    fps             | 440      |
|    iterations      | 98       |
|    time_elapsed    | 455      |
|    total_timesteps | 200704   |
---------------------------------
 100% ━━━━━━━━━━━━━━━━━━━━━━━━ 200,704/200,000  [ 0:07:34 < 0:00:00 , 441 it/s ]
