Activating virtual environment: /home/eyal.amdur/K2D/.venv
Starting Generalization Experiment Pipeline...
Job ID: 68056647
Project Root: /home/eyal.amdur/K2D

=== Generate Generalization Datasets ===
Ground truth 5 (normalized) already exists: /home/eyal.amdur/K2D/results/data/ground_truth_5_norm.h5
Ground truth 7 (normalized) already exists: /home/eyal.amdur/K2D/results/data/ground_truth_7_norm.h5
Combined dataset (normalized) already exists: /home/eyal.amdur/K2D/results/data/ground_truth_5_7_norm.h5

=== Decision Transformers Training ===
DT Model already exists: /home/eyal.amdur/K2D/results/models/DT/generalization/dt_model_ground_truth_5_norm.d3

=== Evaluation (testing on size 10 - generalization test) ===

Evaluating dt_ground_truth_5_norm on size 10 (generalization)...
Room 0 | has_key=0
+---+---+---+---+---+---+---+---+---+---+
| . | . | . | . | . | . | . | . | . | . |
+---+---+---+---+---+---+---+---+---+---+
| . | . | . | . | . | . | . | . | . | . |
+---+---+---+---+---+---+---+---+---+---+
| . | . | . | . | . | . | . | . | . | . |
+---+---+---+---+---+---+---+---+---+---+
| . | . | . | . | . | . | . | . | . | . |
+---+---+---+---+---+---+---+---+---+---+
| . | . | . | . | . | . | . | . | . | . |
+---+---+---+---+---+---+---+---+---+---+
| . | . | . | . | . | . | . | . | . | . |
+---+---+---+---+---+---+---+---+---+---+
| . | . | . | . | . | . | . | . | . | . |
+---+---+---+---+---+---+---+---+---+---+
| . | . | . | . | . | . | . | . | . | . |
+---+---+---+---+---+---+---+---+---+---+
| K | . | . | . | . | . | . | . | . | . |
+---+---+---+---+---+---+---+---+---+---+
| A | . | . | . | . | . | . | . | . | . |
+---+---+---+---+---+---+---+---+---+---+
agent's action is:  pick up key
Room 0 | has_key=0
+---+---+---+---+---+---+---+---+---+---+
| . | . | . | . | . | . | . | . | . | . |
+---+---+---+---+---+---+---+---+---+---+
| . | . | . | . | . | . | . | . | . | . |
+---+---+---+---+---+---+---+---+---+---+
| . | . | . | . | . | . | . | . | . | . |
+---+---+---+---+---+---+---+---+---+---+
| . | . | . | . | . | . | . | . | . | . |
+---+---+---+---+---+---+---+---+---+---+
| . | . | . | . | . | . | . | . | . | . |
+---+---+---+---+---+---+---+---+---+---+
| . | . | . | . | . | . | . | . | . | . |
+---+---+---+---+---+---+---+---+---+---+
| . | . | . | . | . | . | . | . | . | . |
+---+---+---+---+---+---+---+---+---+---+
| . | . | . | . | . | . | . | . | . | . |
+---+---+---+---+---+---+---+---+---+---+
| K | . | . | . | . | . | . | . | . | . |
+---+---+---+---+---+---+---+---+---+---+
| A | . | . | . | . | . | . | . | . | . |
+---+---+---+---+---+---+---+---+---+---+
agent's action is:  up
Room 0 | has_key=0
+---+---+---+---+---+---+---+---+---+---+
| . | . | . | . | . | . | . | . | . | . |
+---+---+---+---+---+---+---+---+---+---+
| . | . | . | . | . | . | . | . | . | . |
+---+---+---+---+---+---+---+---+---+---+
| . | . | . | . | . | . | . | . | . | . |
+---+---+---+---+---+---+---+---+---+---+
| . | . | . | . | . | . | . | . | . | . |
+---+---+---+---+---+---+---+---+---+---+
| . | . | . | . | . | . | . | . | . | . |
+---+---+---+---+---+---+---+---+---+---+
| . | . | . | . | . | . | . | . | . | . |
+---+---+---+---+---+---+---+---+---+---+
| . | . | . | . | . | . | . | . | . | . |
+---+---+---+---+---+---+---+---+---+---+
| . | . | . | . | . | . | . | . | . | . |
+---+---+---+---+---+---+---+---+---+---+
| A | . | . | . | . | . | . | . | . | . |
+---+---+---+---+---+---+---+---+---+---+
| . | . | . | . | . | . | . | . | . | . |
+---+---+---+---+---+---+---+---+---+---+
agent's action is:  pick up key
Room 0 | has_key=1
+---+---+---+---+---+---+---+---+---+---+
| . | . | . | . | . | . | . | . | . | . |
+---+---+---+---+---+---+---+---+---+---+
| . | . | . | . | . | . | . | . | . | . |
+---+---+---+---+---+---+---+---+---+---+
| . | . | . | . | . | . | . | . | . | . |
+---+---+---+---+---+---+---+---+---+---+
| . | . | . | . | . | . | . | . | . | . |
+---+---+---+---+---+---+---+---+---+---+
| . | . | . | . | . | . | . | . | . | . |
+---+---+---+---+---+---+---+---+---+---+
| . | . | . | . | . | . | . | . | . | . |
+---+---+---+---+---+---+---+---+---+---+
| . | . | . | . | . | . | . | . | . | . |
+---+---+---+---+---+---+---+---+---+---+
| . | . | . | . | . | . | . | . | . | . |
+---+---+---+---+---+---+---+---+---+---+
| A | . | . | . | . | . | . | . | . | . |
+---+---+---+---+---+---+---+---+---+---+
| . | . | . | . | . | . | . | . | . | . |
+---+---+---+---+---+---+---+---+---+---+
agent's action is:  up
Room 0 | has_key=1
+---+---+---+---+---+---+---+---+---+---+
| . | . | . | . | . | . | . | . | . | . |
+---+---+---+---+---+---+---+---+---+---+
| . | . | . | . | . | . | . | . | . | . |
+---+---+---+---+---+---+---+---+---+---+
| . | . | . | . | . | . | . | . | . | . |
+---+---+---+---+---+---+---+---+---+---+
| . | . | . | . | . | . | . | . | . | . |
+---+---+---+---+---+---+---+---+---+---+
| . | . | . | . | . | . | . | . | . | . |
+---+---+---+---+---+---+---+---+---+---+
| . | . | . | . | . | . | . | . | . | . |
+---+---+---+---+---+---+---+---+---+---+
| . | . | . | . | . | . | . | . | . | . |
+---+---+---+---+---+---+---+---+---+---+
| A | . | . | . | . | . | . | . | . | . |
+---+---+---+---+---+---+---+---+---+---+
| . | . | . | . | . | . | . | . | . | . |
+---+---+---+---+---+---+---+---+---+---+
| . | . | . | . | . | . | . | . | . | . |
+---+---+---+---+---+---+---+---+---+---+
agent's action is:  up
Room 0 | has_key=1
+---+---+---+---+---+---+---+---+---+---+
| . | . | . | . | . | . | . | . | . | . |
+---+---+---+---+---+---+---+---+---+---+
| . | . | . | . | . | . | . | . | . | . |
+---+---+---+---+---+---+---+---+---+---+
| . | . | . | . | . | . | . | . | . | . |
+---+---+---+---+---+---+---+---+---+---+
| . | . | . | . | . | . | . | . | . | . |
+---+---+---+---+---+---+---+---+---+---+
| . | . | . | . | . | . | . | . | . | . |
+---+---+---+---+---+---+---+---+---+---+
| . | . | . | . | . | . | . | . | . | . |
+---+---+---+---+---+---+---+---+---+---+
| A | . | . | . | . | . | . | . | . | . |
+---+---+---+---+---+---+---+---+---+---+
| . | . | . | . | . | . | . | . | . | . |
+---+---+---+---+---+---+---+---+---+---+
| . | . | . | . | . | . | . | . | . | . |
+---+---+---+---+---+---+---+---+---+---+
| . | . | . | . | . | . | . | . | . | . |
+---+---+---+---+---+---+---+---+---+---+
agent's action is:  up
Room 0 | has_key=1
+---+---+---+---+---+---+---+---+---+---+
| . | . | . | . | . | . | . | . | . | . |
+---+---+---+---+---+---+---+---+---+---+
| . | . | . | . | . | . | . | . | . | . |
+---+---+---+---+---+---+---+---+---+---+
| . | . | . | . | . | . | . | . | . | . |
+---+---+---+---+---+---+---+---+---+---+
| . | . | . | . | . | . | . | . | . | . |
+---+---+---+---+---+---+---+---+---+---+
| . | . | . | . | . | . | . | . | . | . |
+---+---+---+---+---+---+---+---+---+---+
| A | . | . | . | . | . | . | . | . | . |
+---+---+---+---+---+---+---+---+---+---+
| . | . | . | . | . | . | . | . | . | . |
+---+---+---+---+---+---+---+---+---+---+
| . | . | . | . | . | . | . | . | . | . |
+---+---+---+---+---+---+---+---+---+---+
| . | . | . | . | . | . | . | . | . | . |
+---+---+---+---+---+---+---+---+---+---+
| . | . | . | . | . | . | . | . | . | . |
+---+---+---+---+---+---+---+---+---+---+
agent's action is:  up
Room 0 | has_key=1
+---+---+---+---+---+---+---+---+---+---+
| . | . | . | . | . | . | . | . | . | . |
+---+---+---+---+---+---+---+---+---+---+
| . | . | . | . | . | . | . | . | . | . |
+---+---+---+---+---+---+---+---+---+---+
| . | . | . | . | . | . | . | . | . | . |
+---+---+---+---+---+---+---+---+---+---+
| . | . | . | . | . | . | . | . | . | . |
+---+---+---+---+---+---+---+---+---+---+
| A | . | . | . | . | . | . | . | . | . |
+---+---+---+---+---+---+---+---+---+---+
| . | . | . | . | . | . | . | . | . | . |
+---+---+---+---+---+---+---+---+---+---+
| . | . | . | . | . | . | . | . | . | . |
+---+---+---+---+---+---+---+---+---+---+
| . | . | . | . | . | . | . | . | . | . |
+---+---+---+---+---+---+---+---+---+---+
| . | . | . | . | . | . | . | . | . | . |
+---+---+---+---+---+---+---+---+---+---+
| . | . | . | . | . | . | . | . | . | . |
+---+---+---+---+---+---+---+---+---+---+
agent's action is:  up
Room 0 | has_key=1
+---+---+---+---+---+---+---+---+---+---+
| . | . | . | . | . | . | . | . | . | . |
+---+---+---+---+---+---+---+---+---+---+
| . | . | . | . | . | . | . | . | . | . |
+---+---+---+---+---+---+---+---+---+---+
| . | . | . | . | . | . | . | . | . | . |
+---+---+---+---+---+---+---+---+---+---+
| A | . | . | . | . | . | . | . | . | . |
+---+---+---+---+---+---+---+---+---+---+
| . | . | . | . | . | . | . | . | . | . |
+---+---+---+---+---+---+---+---+---+---+
| . | . | . | . | . | . | . | . | . | . |
+---+---+---+---+---+---+---+---+---+---+
| . | . | . | . | . | . | . | . | . | . |
+---+---+---+---+---+---+---+---+---+---+
| . | . | . | . | . | . | . | . | . | . |
+---+---+---+---+---+---+---+---+---+---+
| . | . | . | . | . | . | . | . | . | . |
+---+---+---+---+---+---+---+---+---+---+
| . | . | . | . | . | . | . | . | . | . |
+---+---+---+---+---+---+---+---+---+---+
agent's action is:  up
Room 0 | has_key=1
+---+---+---+---+---+---+---+---+---+---+
| . | . | . | . | . | . | . | . | . | . |
+---+---+---+---+---+---+---+---+---+---+
| . | . | . | . | . | . | . | . | . | . |
+---+---+---+---+---+---+---+---+---+---+
| A | . | . | . | . | . | . | . | . | . |
+---+---+---+---+---+---+---+---+---+---+
| . | . | . | . | . | . | . | . | . | . |
+---+---+---+---+---+---+---+---+---+---+
| . | . | . | . | . | . | . | . | . | . |
+---+---+---+---+---+---+---+---+---+---+
| . | . | . | . | . | . | . | . | . | . |
+---+---+---+---+---+---+---+---+---+---+
| . | . | . | . | . | . | . | . | . | . |
+---+---+---+---+---+---+---+---+---+---+
| . | . | . | . | . | . | . | . | . | . |
+---+---+---+---+---+---+---+---+---+---+
| . | . | . | . | . | . | . | . | . | . |
+---+---+---+---+---+---+---+---+---+---+
| . | . | . | . | . | . | . | . | . | . |
+---+---+---+---+---+---+---+---+---+---+
agent's action is:  up
Room 0 | has_key=1
+---+---+---+---+---+---+---+---+---+---+
| . | . | . | . | . | . | . | . | . | . |
+---+---+---+---+---+---+---+---+---+---+
| A | . | . | . | . | . | . | . | . | . |
+---+---+---+---+---+---+---+---+---+---+
| . | . | . | . | . | . | . | . | . | . |
+---+---+---+---+---+---+---+---+---+---+
| . | . | . | . | . | . | . | . | . | . |
+---+---+---+---+---+---+---+---+---+---+
| . | . | . | . | . | . | . | . | . | . |
+---+---+---+---+---+---+---+---+---+---+
| . | . | . | . | . | . | . | . | . | . |
+---+---+---+---+---+---+---+---+---+---+
| . | . | . | . | . | . | . | . | . | . |
+---+---+---+---+---+---+---+---+---+---+
| . | . | . | . | . | . | . | . | . | . |
+---+---+---+---+---+---+---+---+---+---+
| . | . | . | . | . | . | . | . | . | . |
+---+---+---+---+---+---+---+---+---+---+
| . | . | . | . | . | . | . | . | . | . |
+---+---+---+---+---+---+---+---+---+---+
agent's action is:  up
Room 0 | has_key=1
+---+---+---+---+---+---+---+---+---+---+
| A | . | . | . | . | . | . | . | . | . |
+---+---+---+---+---+---+---+---+---+---+
| . | . | . | . | . | . | . | . | . | . |
+---+---+---+---+---+---+---+---+---+---+
| . | . | . | . | . | . | . | . | . | . |
+---+---+---+---+---+---+---+---+---+---+
| . | . | . | . | . | . | . | . | . | . |
+---+---+---+---+---+---+---+---+---+---+
| . | . | . | . | . | . | . | . | . | . |
+---+---+---+---+---+---+---+---+---+---+
| . | . | . | . | . | . | . | . | . | . |
+---+---+---+---+---+---+---+---+---+---+
| . | . | . | . | . | . | . | . | . | . |
+---+---+---+---+---+---+---+---+---+---+
| . | . | . | . | . | . | . | . | . | . |
+---+---+---+---+---+---+---+---+---+---+
| . | . | . | . | . | . | . | . | . | . |
+---+---+---+---+---+---+---+---+---+---+
| . | . | . | . | . | . | . | . | . | . |
+---+---+---+---+---+---+---+---+---+---+
agent's action is:  up
Room 0 | has_key=1
+---+---+---+---+---+---+---+---+---+---+
| A | . | . | . | . | . | . | . | . | . |
+---+---+---+---+---+---+---+---+---+---+
| . | . | . | . | . | . | . | . | . | . |
+---+---+---+---+---+---+---+---+---+---+
| . | . | . | . | . | . | . | . | . | . |
+---+---+---+---+---+---+---+---+---+---+
| . | . | . | . | . | . | . | . | . | . |
+---+---+---+---+---+---+---+---+---+---+
| . | . | . | . | . | . | . | . | . | . |
+---+---+---+---+---+---+---+---+---+---+
| . | . | . | . | . | . | . | . | . | . |
+---+---+---+---+---+---+---+---+---+---+
| . | . | . | . | . | . | . | . | . | . |
+---+---+---+---+---+---+---+---+---+---+
| . | . | . | . | . | . | . | . | . | . |
+---+---+---+---+---+---+---+---+---+---+
| . | . | . | . | . | . | . | . | . | . |
+---+---+---+---+---+---+---+---+---+---+
| . | . | . | . | . | . | . | . | . | . |
+---+---+---+---+---+---+---+---+---+---+
agent's action is:  up
Room 0 | has_key=1
+---+---+---+---+---+---+---+---+---+---+
| A | . | . | . | . | . | . | . | . | . |
+---+---+---+---+---+---+---+---+---+---+
| . | . | . | . | . | . | . | . | . | . |
+---+---+---+---+---+---+---+---+---+---+
| . | . | . | . | . | . | . | . | . | . |
+---+---+---+---+---+---+---+---+---+---+
| . | . | . | . | . | . | . | . | . | . |
+---+---+---+---+---+---+---+---+---+---+
| . | . | . | . | . | . | . | . | . | . |
+---+---+---+---+---+---+---+---+---+---+
| . | . | . | . | . | . | . | . | . | . |
+---+---+---+---+---+---+---+---+---+---+
| . | . | . | . | . | . | . | . | . | . |
+---+---+---+---+---+---+---+---+---+---+
| . | . | . | . | . | . | . | . | . | . |
+---+---+---+---+---+---+---+---+---+---+
| . | . | . | . | . | . | . | . | . | . |
+---+---+---+---+---+---+---+---+---+---+
| . | . | . | . | . | . | . | . | . | . |
+---+---+---+---+---+---+---+---+---+---+
agent's action is:  up
Room 0 | has_key=1
+---+---+---+---+---+---+---+---+---+---+
| A | . | . | . | . | . | . | . | . | . |
+---+---+---+---+---+---+---+---+---+---+
| . | . | . | . | . | . | . | . | . | . |
+---+---+---+---+---+---+---+---+---+---+
| . | . | . | . | . | . | . | . | . | . |
+---+---+---+---+---+---+---+---+---+---+
| . | . | . | . | . | . | . | . | . | . |
+---+---+---+---+---+---+---+---+---+---+
| . | . | . | . | . | . | . | . | . | . |
+---+---+---+---+---+---+---+---+---+---+
| . | . | . | . | . | . | . | . | . | . |
+---+---+---+---+---+---+---+---+---+---+
| . | . | . | . | . | . | . | . | . | . |
+---+---+---+---+---+---+---+---+---+---+
| . | . | . | . | . | . | . | . | . | . |
+---+---+---+---+---+---+---+---+---+---+
| . | . | . | . | . | . | . | . | . | . |
+---+---+---+---+---+---+---+---+---+---+
| . | . | . | . | . | . | . | . | . | . |
+---+---+---+---+---+---+---+---+---+---+
agent's action is:  up
Room 0 | has_key=1
+---+---+---+---+---+---+---+---+---+---+
| A | . | . | . | . | . | . | . | . | . |
+---+---+---+---+---+---+---+---+---+---+
| . | . | . | . | . | . | . | . | . | . |
+---+---+---+---+---+---+---+---+---+---+
| . | . | . | . | . | . | . | . | . | . |
+---+---+---+---+---+---+---+---+---+---+
| . | . | . | . | . | . | . | . | . | . |
+---+---+---+---+---+---+---+---+---+---+
| . | . | . | . | . | . | . | . | . | . |
+---+---+---+---+---+---+---+---+---+---+
| . | . | . | . | . | . | . | . | . | . |
+---+---+---+---+---+---+---+---+---+---+
| . | . | . | . | . | . | . | . | . | . |
+---+---+---+---+---+---+---+---+---+---+
| . | . | . | . | . | . | . | . | . | . |
+---+---+---+---+---+---+---+---+---+---+
| . | . | . | . | . | . | . | . | . | . |
+---+---+---+---+---+---+---+---+---+---+
| . | . | . | . | . | . | . | . | . | . |
+---+---+---+---+---+---+---+---+---+---+
agent's action is:  up
Room 0 | has_key=1
+---+---+---+---+---+---+---+---+---+---+
| A | . | . | . | . | . | . | . | . | . |
+---+---+---+---+---+---+---+---+---+---+
| . | . | . | . | . | . | . | . | . | . |
+---+---+---+---+---+---+---+---+---+---+
| . | . | . | . | . | . | . | . | . | . |
+---+---+---+---+---+---+---+---+---+---+
| . | . | . | . | . | . | . | . | . | . |
+---+---+---+---+---+---+---+---+---+---+
| . | . | . | . | . | . | . | . | . | . |
+---+---+---+---+---+---+---+---+---+---+
| . | . | . | . | . | . | . | . | . | . |
+---+---+---+---+---+---+---+---+---+---+
| . | . | . | . | . | . | . | . | . | . |
+---+---+---+---+---+---+---+---+---+---+
| . | . | . | . | . | . | . | . | . | . |
+---+---+---+---+---+---+---+---+---+---+
| . | . | . | . | . | . | . | . | . | . |
+---+---+---+---+---+---+---+---+---+---+
| . | . | . | . | . | . | . | . | . | . |
+---+---+---+---+---+---+---+---+---+---+
agent's action is:  up
Room 0 | has_key=1
+---+---+---+---+---+---+---+---+---+---+
| A | . | . | . | . | . | . | . | . | . |
+---+---+---+---+---+---+---+---+---+---+
| . | . | . | . | . | . | . | . | . | . |
+---+---+---+---+---+---+---+---+---+---+
| . | . | . | . | . | . | . | . | . | . |
+---+---+---+---+---+---+---+---+---+---+
| . | . | . | . | . | . | . | . | . | . |
+---+---+---+---+---+---+---+---+---+---+
| . | . | . | . | . | . | . | . | . | . |
+---+---+---+---+---+---+---+---+---+---+
| . | . | . | . | . | . | . | . | . | . |
+---+---+---+---+---+---+---+---+---+---+
| . | . | . | . | . | . | . | . | . | . |
+---+---+---+---+---+---+---+---+---+---+
| . | . | . | . | . | . | . | . | . | . |
+---+---+---+---+---+---+---+---+---+---+
| . | . | . | . | . | . | . | . | . | . |
+---+---+---+---+---+---+---+---+---+---+
| . | . | . | . | . | . | . | . | . | . |
+---+---+---+---+---+---+---+---+---+---+
agent's action is:  up
Room 0 | has_key=1
+---+---+---+---+---+---+---+---+---+---+
| A | . | . | . | . | . | . | . | . | . |
+---+---+---+---+---+---+---+---+---+---+
| . | . | . | . | . | . | . | . | . | . |
+---+---+---+---+---+---+---+---+---+---+
| . | . | . | . | . | . | . | . | . | . |
+---+---+---+---+---+---+---+---+---+---+
| . | . | . | . | . | . | . | . | . | . |
+---+---+---+---+---+---+---+---+---+---+
| . | . | . | . | . | . | . | . | . | . |
+---+---+---+---+---+---+---+---+---+---+
| . | . | . | . | . | . | . | . | . | . |
+---+---+---+---+---+---+---+---+---+---+
| . | . | . | . | . | . | . | . | . | . |
+---+---+---+---+---+---+---+---+---+---+
| . | . | . | . | . | . | . | . | . | . |
+---+---+---+---+---+---+---+---+---+---+
| . | . | . | . | . | . | . | . | . | . |
+---+---+---+---+---+---+---+---+---+---+
| . | . | . | . | . | . | . | . | . | . |
+---+---+---+---+---+---+---+---+---+---+
agent's action is:  up
Room 0 | has_key=1
+---+---+---+---+---+---+---+---+---+---+
| A | . | . | . | . | . | . | . | . | . |
+---+---+---+---+---+---+---+---+---+---+
| . | . | . | . | . | . | . | . | . | . |
+---+---+---+---+---+---+---+---+---+---+
| . | . | . | . | . | . | . | . | . | . |
+---+---+---+---+---+---+---+---+---+---+
| . | . | . | . | . | . | . | . | . | . |
+---+---+---+---+---+---+---+---+---+---+
| . | . | . | . | . | . | . | . | . | . |
+---+---+---+---+---+---+---+---+---+---+
| . | . | . | . | . | . | . | . | . | . |
+---+---+---+---+---+---+---+---+---+---+
| . | . | . | . | . | . | . | . | . | . |
+---+---+---+---+---+---+---+---+---+---+
| . | . | . | . | . | . | . | . | . | . |
+---+---+---+---+---+---+---+---+---+---+
| . | . | . | . | . | . | . | . | . | . |
+---+---+---+---+---+---+---+---+---+---+
| . | . | . | . | . | . | . | . | . | . |
+---+---+---+---+---+---+---+---+---+---+
agent's action is:  up
Room 1 | has_key=1
+---+---+---+---+---+---+---+---+---+---+
| . | . | . | . | . | . | . | . | . | . |
+---+---+---+---+---+---+---+---+---+---+
| . | . | . | . | . | . | . | . | . | . |
+---+---+---+---+---+---+---+---+---+---+
| . | . | . | . | . | . | . | . | . | . |
+---+---+---+---+---+---+---+---+---+---+
| . | . | . | . | . | . | . | . | . | . |
+---+---+---+---+---+---+---+---+---+---+
| . | . | . | . | . | . | . | . | . | . |
+---+---+---+---+---+---+---+---+---+---+
| . | . | . | . | . | . | . | . | . | . |
+---+---+---+---+---+---+---+---+---+---+
| . | . | . | . | . | . | . | . | . | . |
+---+---+---+---+---+---+---+---+---+---+
| . | . | . | . | . | . | . | . | . | . |
+---+---+---+---+---+---+---+---+---+---+
| . | . | . | . | . | . | . | . | . | . |
+---+---+---+---+---+---+---+---+---+---+
| A | . | . | . | . | . | . | . | . | . |
+---+---+---+---+---+---+---+---+---+---+
agent's action is:  up
Room 1 | has_key=1
+---+---+---+---+---+---+---+---+---+---+
| . | . | . | . | . | . | . | . | . | . |
+---+---+---+---+---+---+---+---+---+---+
| . | . | . | . | . | . | . | . | . | . |
+---+---+---+---+---+---+---+---+---+---+
| . | . | . | . | . | . | . | . | . | . |
+---+---+---+---+---+---+---+---+---+---+
| . | . | . | . | . | . | . | . | . | . |
+---+---+---+---+---+---+---+---+---+---+
| . | . | . | . | . | . | . | . | . | . |
+---+---+---+---+---+---+---+---+---+---+
| . | . | . | . | . | . | . | . | . | . |
+---+---+---+---+---+---+---+---+---+---+
| . | . | . | . | . | . | . | . | . | . |
+---+---+---+---+---+---+---+---+---+---+
| . | . | . | . | . | . | . | . | . | . |
+---+---+---+---+---+---+---+---+---+---+
| A | . | . | . | . | . | . | . | . | . |
+---+---+---+---+---+---+---+---+---+---+
| . | . | . | . | . | . | . | . | . | . |
+---+---+---+---+---+---+---+---+---+---+
agent's action is:  up
Room 1 | has_key=1
+---+---+---+---+---+---+---+---+---+---+
| . | . | . | . | . | . | . | . | . | . |
+---+---+---+---+---+---+---+---+---+---+
| . | . | . | . | . | . | . | . | . | . |
+---+---+---+---+---+---+---+---+---+---+
| . | . | . | . | . | . | . | . | . | . |
+---+---+---+---+---+---+---+---+---+---+
| . | . | . | . | . | . | . | . | . | . |
+---+---+---+---+---+---+---+---+---+---+
| . | . | . | . | . | . | . | . | . | . |
+---+---+---+---+---+---+---+---+---+---+
| . | . | . | . | . | . | . | . | . | . |
+---+---+---+---+---+---+---+---+---+---+
| . | . | . | . | . | . | . | . | . | . |
+---+---+---+---+---+---+---+---+---+---+
| A | . | . | . | . | . | . | . | . | . |
+---+---+---+---+---+---+---+---+---+---+
| . | . | . | . | . | . | . | . | . | . |
+---+---+---+---+---+---+---+---+---+---+
| . | . | . | . | . | . | . | . | . | . |
+---+---+---+---+---+---+---+---+---+---+
agent's action is:  up
Room 1 | has_key=1
+---+---+---+---+---+---+---+---+---+---+
| . | . | . | . | . | . | . | . | . | . |
+---+---+---+---+---+---+---+---+---+---+
| . | . | . | . | . | . | . | . | . | . |
+---+---+---+---+---+---+---+---+---+---+
| . | . | . | . | . | . | . | . | . | . |
+---+---+---+---+---+---+---+---+---+---+
| . | . | . | . | . | . | . | . | . | . |
+---+---+---+---+---+---+---+---+---+---+
| . | . | . | . | . | . | . | . | . | . |
+---+---+---+---+---+---+---+---+---+---+
| . | . | . | . | . | . | . | . | . | . |
+---+---+---+---+---+---+---+---+---+---+
| A | . | . | . | . | . | . | . | . | . |
+---+---+---+---+---+---+---+---+---+---+
| . | . | . | . | . | . | . | . | . | . |
+---+---+---+---+---+---+---+---+---+---+
| . | . | . | . | . | . | . | . | . | . |
+---+---+---+---+---+---+---+---+---+---+
| . | . | . | . | . | . | . | . | . | . |
+---+---+---+---+---+---+---+---+---+---+
agent's action is:  up
Room 1 | has_key=1
+---+---+---+---+---+---+---+---+---+---+
| . | . | . | . | . | . | . | . | . | . |
+---+---+---+---+---+---+---+---+---+---+
| . | . | . | . | . | . | . | . | . | . |
+---+---+---+---+---+---+---+---+---+---+
| . | . | . | . | . | . | . | . | . | . |
+---+---+---+---+---+---+---+---+---+---+
| . | . | . | . | . | . | . | . | . | . |
+---+---+---+---+---+---+---+---+---+---+
| . | . | . | . | . | . | . | . | . | . |
+---+---+---+---+---+---+---+---+---+---+
| A | . | . | . | . | . | . | . | . | . |
+---+---+---+---+---+---+---+---+---+---+
| . | . | . | . | . | . | . | . | . | . |
+---+---+---+---+---+---+---+---+---+---+
| . | . | . | . | . | . | . | . | . | . |
+---+---+---+---+---+---+---+---+---+---+
| . | . | . | . | . | . | . | . | . | . |
+---+---+---+---+---+---+---+---+---+---+
| . | . | . | . | . | . | . | . | . | . |
+---+---+---+---+---+---+---+---+---+---+
agent's action is:  up
Room 1 | has_key=1
+---+---+---+---+---+---+---+---+---+---+
| . | . | . | . | . | . | . | . | . | . |
+---+---+---+---+---+---+---+---+---+---+
| . | . | . | . | . | . | . | . | . | . |
+---+---+---+---+---+---+---+---+---+---+
| . | . | . | . | . | . | . | . | . | . |
+---+---+---+---+---+---+---+---+---+---+
| . | . | . | . | . | . | . | . | . | . |
+---+---+---+---+---+---+---+---+---+---+
| A | . | . | . | . | . | . | . | . | . |
+---+---+---+---+---+---+---+---+---+---+
| . | . | . | . | . | . | . | . | . | . |
+---+---+---+---+---+---+---+---+---+---+
| . | . | . | . | . | . | . | . | . | . |
+---+---+---+---+---+---+---+---+---+---+
| . | . | . | . | . | . | . | . | . | . |
+---+---+---+---+---+---+---+---+---+---+
| . | . | . | . | . | . | . | . | . | . |
+---+---+---+---+---+---+---+---+---+---+
| . | . | . | . | . | . | . | . | . | . |
+---+---+---+---+---+---+---+---+---+---+
agent's action is:  up
Room 1 | has_key=1
+---+---+---+---+---+---+---+---+---+---+
| . | . | . | . | . | . | . | . | . | . |
+---+---+---+---+---+---+---+---+---+---+
| . | . | . | . | . | . | . | . | . | . |
+---+---+---+---+---+---+---+---+---+---+
| . | . | . | . | . | . | . | . | . | . |
+---+---+---+---+---+---+---+---+---+---+
| A | . | . | . | . | . | . | . | . | . |
+---+---+---+---+---+---+---+---+---+---+
| . | . | . | . | . | . | . | . | . | . |
+---+---+---+---+---+---+---+---+---+---+
| . | . | . | . | . | . | . | . | . | . |
+---+---+---+---+---+---+---+---+---+---+
| . | . | . | . | . | . | . | . | . | . |
+---+---+---+---+---+---+---+---+---+---+
| . | . | . | . | . | . | . | . | . | . |
+---+---+---+---+---+---+---+---+---+---+
| . | . | . | . | . | . | . | . | . | . |
+---+---+---+---+---+---+---+---+---+---+
| . | . | . | . | . | . | . | . | . | . |
+---+---+---+---+---+---+---+---+---+---+
agent's action is:  up
Room 1 | has_key=1
+---+---+---+---+---+---+---+---+---+---+
| . | . | . | . | . | . | . | . | . | . |
+---+---+---+---+---+---+---+---+---+---+
| . | . | . | . | . | . | . | . | . | . |
+---+---+---+---+---+---+---+---+---+---+
| A | . | . | . | . | . | . | . | . | . |
+---+---+---+---+---+---+---+---+---+---+
| . | . | . | . | . | . | . | . | . | . |
+---+---+---+---+---+---+---+---+---+---+
| . | . | . | . | . | . | . | . | . | . |
+---+---+---+---+---+---+---+---+---+---+
| . | . | . | . | . | . | . | . | . | . |
+---+---+---+---+---+---+---+---+---+---+
| . | . | . | . | . | . | . | . | . | . |
+---+---+---+---+---+---+---+---+---+---+
| . | . | . | . | . | . | . | . | . | . |
+---+---+---+---+---+---+---+---+---+---+
| . | . | . | . | . | . | . | . | . | . |
+---+---+---+---+---+---+---+---+---+---+
| . | . | . | . | . | . | . | . | . | . |
+---+---+---+---+---+---+---+---+---+---+
agent's action is:  up
Room 1 | has_key=1
+---+---+---+---+---+---+---+---+---+---+
| . | . | . | . | . | . | . | . | . | . |
+---+---+---+---+---+---+---+---+---+---+
| A | . | . | . | . | . | . | . | . | . |
+---+---+---+---+---+---+---+---+---+---+
| . | . | . | . | . | . | . | . | . | . |
+---+---+---+---+---+---+---+---+---+---+
| . | . | . | . | . | . | . | . | . | . |
+---+---+---+---+---+---+---+---+---+---+
| . | . | . | . | . | . | . | . | . | . |
+---+---+---+---+---+---+---+---+---+---+
| . | . | . | . | . | . | . | . | . | . |
+---+---+---+---+---+---+---+---+---+---+
| . | . | . | . | . | . | . | . | . | . |
+---+---+---+---+---+---+---+---+---+---+
| . | . | . | . | . | . | . | . | . | . |
+---+---+---+---+---+---+---+---+---+---+
| . | . | . | . | . | . | . | . | . | . |
+---+---+---+---+---+---+---+---+---+---+
| . | . | . | . | . | . | . | . | . | . |
+---+---+---+---+---+---+---+---+---+---+
agent's action is:  up
Room 1 | has_key=1
+---+---+---+---+---+---+---+---+---+---+
| A | . | . | . | . | . | . | . | . | . |
+---+---+---+---+---+---+---+---+---+---+
| . | . | . | . | . | . | . | . | . | . |
+---+---+---+---+---+---+---+---+---+---+
| . | . | . | . | . | . | . | . | . | . |
+---+---+---+---+---+---+---+---+---+---+
| . | . | . | . | . | . | . | . | . | . |
+---+---+---+---+---+---+---+---+---+---+
| . | . | . | . | . | . | . | . | . | . |
+---+---+---+---+---+---+---+---+---+---+
| . | . | . | . | . | . | . | . | . | . |
+---+---+---+---+---+---+---+---+---+---+
| . | . | . | . | . | . | . | . | . | . |
+---+---+---+---+---+---+---+---+---+---+
| . | . | . | . | . | . | . | . | . | . |
+---+---+---+---+---+---+---+---+---+---+
| . | . | . | . | . | . | . | . | . | . |
+---+---+---+---+---+---+---+---+---+---+
| . | . | . | . | . | . | . | . | . | . |
+---+---+---+---+---+---+---+---+---+---+
agent's action is:  up
Room 1 | has_key=1
+---+---+---+---+---+---+---+---+---+---+
| A | . | . | . | . | . | . | . | . | . |
+---+---+---+---+---+---+---+---+---+---+
| . | . | . | . | . | . | . | . | . | . |
+---+---+---+---+---+---+---+---+---+---+
| . | . | . | . | . | . | . | . | . | . |
+---+---+---+---+---+---+---+---+---+---+
| . | . | . | . | . | . | . | . | . | . |
+---+---+---+---+---+---+---+---+---+---+
| . | . | . | . | . | . | . | . | . | . |
+---+---+---+---+---+---+---+---+---+---+
| . | . | . | . | . | . | . | . | . | . |
+---+---+---+---+---+---+---+---+---+---+
| . | . | . | . | . | . | . | . | . | . |
+---+---+---+---+---+---+---+---+---+---+
| . | . | . | . | . | . | . | . | . | . |
+---+---+---+---+---+---+---+---+---+---+
| . | . | . | . | . | . | . | . | . | . |
+---+---+---+---+---+---+---+---+---+---+
| . | . | . | . | . | . | . | . | . | . |
+---+---+---+---+---+---+---+---+---+---+
agent's action is:  up
Room 1 | has_key=1
+---+---+---+---+---+---+---+---+---+---+
| A | . | . | . | . | . | . | . | . | . |
+---+---+---+---+---+---+---+---+---+---+
| . | . | . | . | . | . | . | . | . | . |
+---+---+---+---+---+---+---+---+---+---+
| . | . | . | . | . | . | . | . | . | . |
+---+---+---+---+---+---+---+---+---+---+
| . | . | . | . | . | . | . | . | . | . |
+---+---+---+---+---+---+---+---+---+---+
| . | . | . | . | . | . | . | . | . | . |
+---+---+---+---+---+---+---+---+---+---+
| . | . | . | . | . | . | . | . | . | . |
+---+---+---+---+---+---+---+---+---+---+
| . | . | . | . | . | . | . | . | . | . |
+---+---+---+---+---+---+---+---+---+---+
| . | . | . | . | . | . | . | . | . | . |
+---+---+---+---+---+---+---+---+---+---+
| . | . | . | . | . | . | . | . | . | . |
+---+---+---+---+---+---+---+---+---+---+
| . | . | . | . | . | . | . | . | . | . |
+---+---+---+---+---+---+---+---+---+---+
agent's action is:  up
Room 1 | has_key=1
+---+---+---+---+---+---+---+---+---+---+
| A | . | . | . | . | . | . | . | . | . |
+---+---+---+---+---+---+---+---+---+---+
| . | . | . | . | . | . | . | . | . | . |
+---+---+---+---+---+---+---+---+---+---+
| . | . | . | . | . | . | . | . | . | . |
+---+---+---+---+---+---+---+---+---+---+
| . | . | . | . | . | . | . | . | . | . |
+---+---+---+---+---+---+---+---+---+---+
| . | . | . | . | . | . | . | . | . | . |
+---+---+---+---+---+---+---+---+---+---+
| . | . | . | . | . | . | . | . | . | . |
+---+---+---+---+---+---+---+---+---+---+
| . | . | . | . | . | . | . | . | . | . |
+---+---+---+---+---+---+---+---+---+---+
| . | . | . | . | . | . | . | . | . | . |
+---+---+---+---+---+---+---+---+---+---+
| . | . | . | . | . | . | . | . | . | . |
+---+---+---+---+---+---+---+---+---+---+
| . | . | . | . | . | . | . | . | . | . |
+---+---+---+---+---+---+---+---+---+---+
agent's action is:  up
Room 1 | has_key=1
+---+---+---+---+---+---+---+---+---+---+
| A | . | . | . | . | . | . | . | . | . |
+---+---+---+---+---+---+---+---+---+---+
| . | . | . | . | . | . | . | . | . | . |
+---+---+---+---+---+---+---+---+---+---+
| . | . | . | . | . | . | . | . | . | . |
+---+---+---+---+---+---+---+---+---+---+
| . | . | . | . | . | . | . | . | . | . |
+---+---+---+---+---+---+---+---+---+---+
| . | . | . | . | . | . | . | . | . | . |
+---+---+---+---+---+---+---+---+---+---+
| . | . | . | . | . | . | . | . | . | . |
+---+---+---+---+---+---+---+---+---+---+
| . | . | . | . | . | . | . | . | . | . |
+---+---+---+---+---+---+---+---+---+---+
| . | . | . | . | . | . | . | . | . | . |
+---+---+---+---+---+---+---+---+---+---+
| . | . | . | . | . | . | . | . | . | . |
+---+---+---+---+---+---+---+---+---+---+
| . | . | . | . | . | . | . | . | . | . |
+---+---+---+---+---+---+---+---+---+---+
agent's action is:  up
Room 1 | has_key=1
+---+---+---+---+---+---+---+---+---+---+
| A | . | . | . | . | . | . | . | . | . |
+---+---+---+---+---+---+---+---+---+---+
| . | . | . | . | . | . | . | . | . | . |
+---+---+---+---+---+---+---+---+---+---+
| . | . | . | . | . | . | . | . | . | . |
+---+---+---+---+---+---+---+---+---+---+
| . | . | . | . | . | . | . | . | . | . |
+---+---+---+---+---+---+---+---+---+---+
| . | . | . | . | . | . | . | . | . | . |
+---+---+---+---+---+---+---+---+---+---+
| . | . | . | . | . | . | . | . | . | . |
+---+---+---+---+---+---+---+---+---+---+
| . | . | . | . | . | . | . | . | . | . |
+---+---+---+---+---+---+---+---+---+---+
| . | . | . | . | . | . | . | . | . | . |
+---+---+---+---+---+---+---+---+---+---+
| . | . | . | . | . | . | . | . | . | . |
+---+---+---+---+---+---+---+---+---+---+
| . | . | . | . | . | . | . | . | . | . |
+---+---+---+---+---+---+---+---+---+---+
agent's action is:  up
Room 1 | has_key=1
+---+---+---+---+---+---+---+---+---+---+
| A | . | . | . | . | . | . | . | . | . |
+---+---+---+---+---+---+---+---+---+---+
| . | . | . | . | . | . | . | . | . | . |
+---+---+---+---+---+---+---+---+---+---+
| . | . | . | . | . | . | . | . | . | . |
+---+---+---+---+---+---+---+---+---+---+
| . | . | . | . | . | . | . | . | . | . |
+---+---+---+---+---+---+---+---+---+---+
| . | . | . | . | . | . | . | . | . | . |
+---+---+---+---+---+---+---+---+---+---+
| . | . | . | . | . | . | . | . | . | . |
+---+---+---+---+---+---+---+---+---+---+
| . | . | . | . | . | . | . | . | . | . |
+---+---+---+---+---+---+---+---+---+---+
| . | . | . | . | . | . | . | . | . | . |
+---+---+---+---+---+---+---+---+---+---+
| . | . | . | . | . | . | . | . | . | . |
+---+---+---+---+---+---+---+---+---+---+
| . | . | . | . | . | . | . | . | . | . |
+---+---+---+---+---+---+---+---+---+---+
agent's action is:  up
Room 1 | has_key=1
+---+---+---+---+---+---+---+---+---+---+
| A | . | . | . | . | . | . | . | . | . |
+---+---+---+---+---+---+---+---+---+---+
| . | . | . | . | . | . | . | . | . | . |
+---+---+---+---+---+---+---+---+---+---+
| . | . | . | . | . | . | . | . | . | . |
+---+---+---+---+---+---+---+---+---+---+
| . | . | . | . | . | . | . | . | . | . |
+---+---+---+---+---+---+---+---+---+---+
| . | . | . | . | . | . | . | . | . | . |
+---+---+---+---+---+---+---+---+---+---+
| . | . | . | . | . | . | . | . | . | . |
+---+---+---+---+---+---+---+---+---+---+
| . | . | . | . | . | . | . | . | . | . |
+---+---+---+---+---+---+---+---+---+---+
| . | . | . | . | . | . | . | . | . | . |
+---+---+---+---+---+---+---+---+---+---+
| . | . | . | . | . | . | . | . | . | . |
+---+---+---+---+---+---+---+---+---+---+
| . | . | . | . | . | . | . | . | . | . |
+---+---+---+---+---+---+---+---+---+---+
agent's action is:  up
Room 1 | has_key=1
+---+---+---+---+---+---+---+---+---+---+
| A | . | . | . | . | . | . | . | . | . |
+---+---+---+---+---+---+---+---+---+---+
| . | . | . | . | . | . | . | . | . | . |
+---+---+---+---+---+---+---+---+---+---+
| . | . | . | . | . | . | . | . | . | . |
+---+---+---+---+---+---+---+---+---+---+
| . | . | . | . | . | . | . | . | . | . |
+---+---+---+---+---+---+---+---+---+---+
| . | . | . | . | . | . | . | . | . | . |
+---+---+---+---+---+---+---+---+---+---+
| . | . | . | . | . | . | . | . | . | . |
+---+---+---+---+---+---+---+---+---+---+
| . | . | . | . | . | . | . | . | . | . |
+---+---+---+---+---+---+---+---+---+---+
| . | . | . | . | . | . | . | . | . | . |
+---+---+---+---+---+---+---+---+---+---+
| . | . | . | . | . | . | . | . | . | . |
+---+---+---+---+---+---+---+---+---+---+
| . | . | . | . | . | . | . | . | . | . |
+---+---+---+---+---+---+---+---+---+---+
agent's action is:  up
Room 1 | has_key=1
+---+---+---+---+---+---+---+---+---+---+
| A | . | . | . | . | . | . | . | . | . |
+---+---+---+---+---+---+---+---+---+---+
| . | . | . | . | . | . | . | . | . | . |
+---+---+---+---+---+---+---+---+---+---+
| . | . | . | . | . | . | . | . | . | . |
+---+---+---+---+---+---+---+---+---+---+
| . | . | . | . | . | . | . | . | . | . |
+---+---+---+---+---+---+---+---+---+---+
| . | . | . | . | . | . | . | . | . | . |
+---+---+---+---+---+---+---+---+---+---+
| . | . | . | . | . | . | . | . | . | . |
+---+---+---+---+---+---+---+---+---+---+
| . | . | . | . | . | . | . | . | . | . |
+---+---+---+---+---+---+---+---+---+---+
| . | . | . | . | . | . | . | . | . | . |
+---+---+---+---+---+---+---+---+---+---+
| . | . | . | . | . | . | . | . | . | . |
+---+---+---+---+---+---+---+---+---+---+
| . | . | . | . | . | . | . | . | . | . |
+---+---+---+---+---+---+---+---+---+---+
agent's action is:  up
Room 1 | has_key=1
+---+---+---+---+---+---+---+---+---+---+
| A | . | . | . | . | . | . | . | . | . |
+---+---+---+---+---+---+---+---+---+---+
| . | . | . | . | . | . | . | . | . | . |
+---+---+---+---+---+---+---+---+---+---+
| . | . | . | . | . | . | . | . | . | . |
+---+---+---+---+---+---+---+---+---+---+
| . | . | . | . | . | . | . | . | . | . |
+---+---+---+---+---+---+---+---+---+---+
| . | . | . | . | . | . | . | . | . | . |
+---+---+---+---+---+---+---+---+---+---+
| . | . | . | . | . | . | . | . | . | . |
+---+---+---+---+---+---+---+---+---+---+
| . | . | . | . | . | . | . | . | . | . |
+---+---+---+---+---+---+---+---+---+---+
| . | . | . | . | . | . | . | . | . | . |
+---+---+---+---+---+---+---+---+---+---+
| . | . | . | . | . | . | . | . | . | . |
+---+---+---+---+---+---+---+---+---+---+
| . | . | . | . | . | . | . | . | . | . |
+---+---+---+---+---+---+---+---+---+---+
agent's action is:  up
Room 2 | has_key=1
+---+---+---+---+---+---+---+---+---+---+
| . | . | . | . | D | . | . | . | . | . |
+---+---+---+---+---+---+---+---+---+---+
| . | . | . | . | . | . | . | . | . | . |
+---+---+---+---+---+---+---+---+---+---+
| . | . | . | . | . | . | . | . | . | . |
+---+---+---+---+---+---+---+---+---+---+
| . | . | . | . | . | . | . | . | . | . |
+---+---+---+---+---+---+---+---+---+---+
| . | . | . | . | . | . | . | . | . | . |
+---+---+---+---+---+---+---+---+---+---+
| . | . | . | . | . | . | . | . | . | . |
+---+---+---+---+---+---+---+---+---+---+
| . | . | . | . | . | . | . | . | . | . |
+---+---+---+---+---+---+---+---+---+---+
| . | . | . | . | . | . | . | . | . | . |
+---+---+---+---+---+---+---+---+---+---+
| . | . | . | . | . | . | . | . | . | . |
+---+---+---+---+---+---+---+---+---+---+
| A | . | . | . | . | . | . | . | . | . |
+---+---+---+---+---+---+---+---+---+---+
agent's action is:  up
Room 2 | has_key=1
+---+---+---+---+---+---+---+---+---+---+
| . | . | . | . | D | . | . | . | . | . |
+---+---+---+---+---+---+---+---+---+---+
| . | . | . | . | . | . | . | . | . | . |
+---+---+---+---+---+---+---+---+---+---+
| . | . | . | . | . | . | . | . | . | . |
+---+---+---+---+---+---+---+---+---+---+
| . | . | . | . | . | . | . | . | . | . |
+---+---+---+---+---+---+---+---+---+---+
| . | . | . | . | . | . | . | . | . | . |
+---+---+---+---+---+---+---+---+---+---+
| . | . | . | . | . | . | . | . | . | . |
+---+---+---+---+---+---+---+---+---+---+
| . | . | . | . | . | . | . | . | . | . |
+---+---+---+---+---+---+---+---+---+---+
| . | . | . | . | . | . | . | . | . | . |
+---+---+---+---+---+---+---+---+---+---+
| A | . | . | . | . | . | . | . | . | . |
+---+---+---+---+---+---+---+---+---+---+
| . | . | . | . | . | . | . | . | . | . |
+---+---+---+---+---+---+---+---+---+---+
agent's action is:  up
Room 2 | has_key=1
+---+---+---+---+---+---+---+---+---+---+
| . | . | . | . | D | . | . | . | . | . |
+---+---+---+---+---+---+---+---+---+---+
| . | . | . | . | . | . | . | . | . | . |
+---+---+---+---+---+---+---+---+---+---+
| . | . | . | . | . | . | . | . | . | . |
+---+---+---+---+---+---+---+---+---+---+
| . | . | . | . | . | . | . | . | . | . |
+---+---+---+---+---+---+---+---+---+---+
| . | . | . | . | . | . | . | . | . | . |
+---+---+---+---+---+---+---+---+---+---+
| . | . | . | . | . | . | . | . | . | . |
+---+---+---+---+---+---+---+---+---+---+
| . | . | . | . | . | . | . | . | . | . |
+---+---+---+---+---+---+---+---+---+---+
| A | . | . | . | . | . | . | . | . | . |
+---+---+---+---+---+---+---+---+---+---+
| . | . | . | . | . | . | . | . | . | . |
+---+---+---+---+---+---+---+---+---+---+
| . | . | . | . | . | . | . | . | . | . |
+---+---+---+---+---+---+---+---+---+---+
agent's action is:  up
Room 2 | has_key=1
+---+---+---+---+---+---+---+---+---+---+
| . | . | . | . | D | . | . | . | . | . |
+---+---+---+---+---+---+---+---+---+---+
| . | . | . | . | . | . | . | . | . | . |
+---+---+---+---+---+---+---+---+---+---+
| . | . | . | . | . | . | . | . | . | . |
+---+---+---+---+---+---+---+---+---+---+
| . | . | . | . | . | . | . | . | . | . |
+---+---+---+---+---+---+---+---+---+---+
| . | . | . | . | . | . | . | . | . | . |
+---+---+---+---+---+---+---+---+---+---+
| . | . | . | . | . | . | . | . | . | . |
+---+---+---+---+---+---+---+---+---+---+
| A | . | . | . | . | . | . | . | . | . |
+---+---+---+---+---+---+---+---+---+---+
| . | . | . | . | . | . | . | . | . | . |
+---+---+---+---+---+---+---+---+---+---+
| . | . | . | . | . | . | . | . | . | . |
+---+---+---+---+---+---+---+---+---+---+
| . | . | . | . | . | . | . | . | . | . |
+---+---+---+---+---+---+---+---+---+---+
agent's action is:  up
Room 2 | has_key=1
+---+---+---+---+---+---+---+---+---+---+
| . | . | . | . | D | . | . | . | . | . |
+---+---+---+---+---+---+---+---+---+---+
| . | . | . | . | . | . | . | . | . | . |
+---+---+---+---+---+---+---+---+---+---+
| . | . | . | . | . | . | . | . | . | . |
+---+---+---+---+---+---+---+---+---+---+
| . | . | . | . | . | . | . | . | . | . |
+---+---+---+---+---+---+---+---+---+---+
| . | . | . | . | . | . | . | . | . | . |
+---+---+---+---+---+---+---+---+---+---+
| A | . | . | . | . | . | . | . | . | . |
+---+---+---+---+---+---+---+---+---+---+
| . | . | . | . | . | . | . | . | . | . |
+---+---+---+---+---+---+---+---+---+---+
| . | . | . | . | . | . | . | . | . | . |
+---+---+---+---+---+---+---+---+---+---+
| . | . | . | . | . | . | . | . | . | . |
+---+---+---+---+---+---+---+---+---+---+
| . | . | . | . | . | . | . | . | . | . |
+---+---+---+---+---+---+---+---+---+---+
agent's action is:  up
Room 2 | has_key=1
+---+---+---+---+---+---+---+---+---+---+
| . | . | . | . | D | . | . | . | . | . |
+---+---+---+---+---+---+---+---+---+---+
| . | . | . | . | . | . | . | . | . | . |
+---+---+---+---+---+---+---+---+---+---+
| . | . | . | . | . | . | . | . | . | . |
+---+---+---+---+---+---+---+---+---+---+
| . | . | . | . | . | . | . | . | . | . |
+---+---+---+---+---+---+---+---+---+---+
| A | . | . | . | . | . | . | . | . | . |
+---+---+---+---+---+---+---+---+---+---+
| . | . | . | . | . | . | . | . | . | . |
+---+---+---+---+---+---+---+---+---+---+
| . | . | . | . | . | . | . | . | . | . |
+---+---+---+---+---+---+---+---+---+---+
| . | . | . | . | . | . | . | . | . | . |
+---+---+---+---+---+---+---+---+---+---+
| . | . | . | . | . | . | . | . | . | . |
+---+---+---+---+---+---+---+---+---+---+
| . | . | . | . | . | . | . | . | . | . |
+---+---+---+---+---+---+---+---+---+---+
agent's action is:  up
Room 2 | has_key=1
+---+---+---+---+---+---+---+---+---+---+
| . | . | . | . | D | . | . | . | . | . |
+---+---+---+---+---+---+---+---+---+---+
| . | . | . | . | . | . | . | . | . | . |
+---+---+---+---+---+---+---+---+---+---+
| . | . | . | . | . | . | . | . | . | . |
+---+---+---+---+---+---+---+---+---+---+
| A | . | . | . | . | . | . | . | . | . |
+---+---+---+---+---+---+---+---+---+---+
| . | . | . | . | . | . | . | . | . | . |
+---+---+---+---+---+---+---+---+---+---+
| . | . | . | . | . | . | . | . | . | . |
+---+---+---+---+---+---+---+---+---+---+
| . | . | . | . | . | . | . | . | . | . |
+---+---+---+---+---+---+---+---+---+---+
| . | . | . | . | . | . | . | . | . | . |
+---+---+---+---+---+---+---+---+---+---+
| . | . | . | . | . | . | . | . | . | . |
+---+---+---+---+---+---+---+---+---+---+
| . | . | . | . | . | . | . | . | . | . |
+---+---+---+---+---+---+---+---+---+---+
agent's action is:  up
Room 2 | has_key=1
+---+---+---+---+---+---+---+---+---+---+
| . | . | . | . | D | . | . | . | . | . |
+---+---+---+---+---+---+---+---+---+---+
| . | . | . | . | . | . | . | . | . | . |
+---+---+---+---+---+---+---+---+---+---+
| A | . | . | . | . | . | . | . | . | . |
+---+---+---+---+---+---+---+---+---+---+
| . | . | . | . | . | . | . | . | . | . |
+---+---+---+---+---+---+---+---+---+---+
| . | . | . | . | . | . | . | . | . | . |
+---+---+---+---+---+---+---+---+---+---+
| . | . | . | . | . | . | . | . | . | . |
+---+---+---+---+---+---+---+---+---+---+
| . | . | . | . | . | . | . | . | . | . |
+---+---+---+---+---+---+---+---+---+---+
| . | . | . | . | . | . | . | . | . | . |
+---+---+---+---+---+---+---+---+---+---+
| . | . | . | . | . | . | . | . | . | . |
+---+---+---+---+---+---+---+---+---+---+
| . | . | . | . | . | . | . | . | . | . |
+---+---+---+---+---+---+---+---+---+---+
agent's action is:  up
Room 2 | has_key=1
+---+---+---+---+---+---+---+---+---+---+
| . | . | . | . | D | . | . | . | . | . |
+---+---+---+---+---+---+---+---+---+---+
| A | . | . | . | . | . | . | . | . | . |
+---+---+---+---+---+---+---+---+---+---+
| . | . | . | . | . | . | . | . | . | . |
+---+---+---+---+---+---+---+---+---+---+
| . | . | . | . | . | . | . | . | . | . |
+---+---+---+---+---+---+---+---+---+---+
| . | . | . | . | . | . | . | . | . | . |
+---+---+---+---+---+---+---+---+---+---+
| . | . | . | . | . | . | . | . | . | . |
+---+---+---+---+---+---+---+---+---+---+
| . | . | . | . | . | . | . | . | . | . |
+---+---+---+---+---+---+---+---+---+---+
| . | . | . | . | . | . | . | . | . | . |
+---+---+---+---+---+---+---+---+---+---+
| . | . | . | . | . | . | . | . | . | . |
+---+---+---+---+---+---+---+---+---+---+
| . | . | . | . | . | . | . | . | . | . |
+---+---+---+---+---+---+---+---+---+---+
agent's action is:  up
Room 2 | has_key=1
+---+---+---+---+---+---+---+---+---+---+
| A | . | . | . | D | . | . | . | . | . |
+---+---+---+---+---+---+---+---+---+---+
| . | . | . | . | . | . | . | . | . | . |
+---+---+---+---+---+---+---+---+---+---+
| . | . | . | . | . | . | . | . | . | . |
+---+---+---+---+---+---+---+---+---+---+
| . | . | . | . | . | . | . | . | . | . |
+---+---+---+---+---+---+---+---+---+---+
| . | . | . | . | . | . | . | . | . | . |
+---+---+---+---+---+---+---+---+---+---+
| . | . | . | . | . | . | . | . | . | . |
+---+---+---+---+---+---+---+---+---+---+
| . | . | . | . | . | . | . | . | . | . |
+---+---+---+---+---+---+---+---+---+---+
| . | . | . | . | . | . | . | . | . | . |
+---+---+---+---+---+---+---+---+---+---+
| . | . | . | . | . | . | . | . | . | . |
+---+---+---+---+---+---+---+---+---+---+
| . | . | . | . | . | . | . | . | . | . |
+---+---+---+---+---+---+---+---+---+---+
agent's action is:  right
Room 2 | has_key=1
+---+---+---+---+---+---+---+---+---+---+
| . | A | . | . | D | . | . | . | . | . |
+---+---+---+---+---+---+---+---+---+---+
| . | . | . | . | . | . | . | . | . | . |
+---+---+---+---+---+---+---+---+---+---+
| . | . | . | . | . | . | . | . | . | . |
+---+---+---+---+---+---+---+---+---+---+
| . | . | . | . | . | . | . | . | . | . |
+---+---+---+---+---+---+---+---+---+---+
| . | . | . | . | . | . | . | . | . | . |
+---+---+---+---+---+---+---+---+---+---+
| . | . | . | . | . | . | . | . | . | . |
+---+---+---+---+---+---+---+---+---+---+
| . | . | . | . | . | . | . | . | . | . |
+---+---+---+---+---+---+---+---+---+---+
| . | . | . | . | . | . | . | . | . | . |
+---+---+---+---+---+---+---+---+---+---+
| . | . | . | . | . | . | . | . | . | . |
+---+---+---+---+---+---+---+---+---+---+
| . | . | . | . | . | . | . | . | . | . |
+---+---+---+---+---+---+---+---+---+---+
agent's action is:  right
Room 2 | has_key=1
+---+---+---+---+---+---+---+---+---+---+
| . | . | A | . | D | . | . | . | . | . |
+---+---+---+---+---+---+---+---+---+---+
| . | . | . | . | . | . | . | . | . | . |
+---+---+---+---+---+---+---+---+---+---+
| . | . | . | . | . | . | . | . | . | . |
+---+---+---+---+---+---+---+---+---+---+
| . | . | . | . | . | . | . | . | . | . |
+---+---+---+---+---+---+---+---+---+---+
| . | . | . | . | . | . | . | . | . | . |
+---+---+---+---+---+---+---+---+---+---+
| . | . | . | . | . | . | . | . | . | . |
+---+---+---+---+---+---+---+---+---+---+
| . | . | . | . | . | . | . | . | . | . |
+---+---+---+---+---+---+---+---+---+---+
| . | . | . | . | . | . | . | . | . | . |
+---+---+---+---+---+---+---+---+---+---+
| . | . | . | . | . | . | . | . | . | . |
+---+---+---+---+---+---+---+---+---+---+
| . | . | . | . | . | . | . | . | . | . |
+---+---+---+---+---+---+---+---+---+---+
agent's action is:  right
Room 2 | has_key=1
+---+---+---+---+---+---+---+---+---+---+
| . | . | . | A | D | . | . | . | . | . |
+---+---+---+---+---+---+---+---+---+---+
| . | . | . | . | . | . | . | . | . | . |
+---+---+---+---+---+---+---+---+---+---+
| . | . | . | . | . | . | . | . | . | . |
+---+---+---+---+---+---+---+---+---+---+
| . | . | . | . | . | . | . | . | . | . |
+---+---+---+---+---+---+---+---+---+---+
| . | . | . | . | . | . | . | . | . | . |
+---+---+---+---+---+---+---+---+---+---+
| . | . | . | . | . | . | . | . | . | . |
+---+---+---+---+---+---+---+---+---+---+
| . | . | . | . | . | . | . | . | . | . |
+---+---+---+---+---+---+---+---+---+---+
| . | . | . | . | . | . | . | . | . | . |
+---+---+---+---+---+---+---+---+---+---+
| . | . | . | . | . | . | . | . | . | . |
+---+---+---+---+---+---+---+---+---+---+
| . | . | . | . | . | . | . | . | . | . |
+---+---+---+---+---+---+---+---+---+---+
agent's action is:  right
Room 2 | has_key=1
+---+---+---+---+---+---+---+---+---+---+
| . | . | . | . | A | . | . | . | . | . |
+---+---+---+---+---+---+---+---+---+---+
| . | . | . | . | . | . | . | . | . | . |
+---+---+---+---+---+---+---+---+---+---+
| . | . | . | . | . | . | . | . | . | . |
+---+---+---+---+---+---+---+---+---+---+
| . | . | . | . | . | . | . | . | . | . |
+---+---+---+---+---+---+---+---+---+---+
| . | . | . | . | . | . | . | . | . | . |
+---+---+---+---+---+---+---+---+---+---+
| . | . | . | . | . | . | . | . | . | . |
+---+---+---+---+---+---+---+---+---+---+
| . | . | . | . | . | . | . | . | . | . |
+---+---+---+---+---+---+---+---+---+---+
| . | . | . | . | . | . | . | . | . | . |
+---+---+---+---+---+---+---+---+---+---+
| . | . | . | . | . | . | . | . | . | . |
+---+---+---+---+---+---+---+---+---+---+
| . | . | . | . | . | . | . | . | . | . |
+---+---+---+---+---+---+---+---+---+---+

Evaluating dt_ground_truth_5_norm on size 7 (in-distribution)...
Room 0 | has_key=0
+---+---+---+---+---+---+---+
| . | . | . | . | . | . | . |
+---+---+---+---+---+---+---+
| . | . | K | . | . | . | . |
+---+---+---+---+---+---+---+
| . | . | . | . | . | . | . |
+---+---+---+---+---+---+---+
| . | . | . | . | . | . | . |
+---+---+---+---+---+---+---+
| . | . | . | . | . | . | . |
+---+---+---+---+---+---+---+
| . | . | . | . | . | . | . |
+---+---+---+---+---+---+---+
| A | . | . | . | . | . | . |
+---+---+---+---+---+---+---+
agent's action is:  up
Room 0 | has_key=0
+---+---+---+---+---+---+---+
| . | . | . | . | . | . | . |
+---+---+---+---+---+---+---+
| . | . | K | . | . | . | . |
+---+---+---+---+---+---+---+
| . | . | . | . | . | . | . |
+---+---+---+---+---+---+---+
| . | . | . | . | . | . | . |
+---+---+---+---+---+---+---+
| . | . | . | . | . | . | . |
+---+---+---+---+---+---+---+
| A | . | . | . | . | . | . |
+---+---+---+---+---+---+---+
| . | . | . | . | . | . | . |
+---+---+---+---+---+---+---+
agent's action is:  up
Room 0 | has_key=0
+---+---+---+---+---+---+---+
| . | . | . | . | . | . | . |
+---+---+---+---+---+---+---+
| . | . | K | . | . | . | . |
+---+---+---+---+---+---+---+
| . | . | . | . | . | . | . |
+---+---+---+---+---+---+---+
| . | . | . | . | . | . | . |
+---+---+---+---+---+---+---+
| A | . | . | . | . | . | . |
+---+---+---+---+---+---+---+
| . | . | . | . | . | . | . |
+---+---+---+---+---+---+---+
| . | . | . | . | . | . | . |
+---+---+---+---+---+---+---+
agent's action is:  up
Room 0 | has_key=0
+---+---+---+---+---+---+---+
| . | . | . | . | . | . | . |
+---+---+---+---+---+---+---+
| . | . | K | . | . | . | . |
+---+---+---+---+---+---+---+
| . | . | . | . | . | . | . |
+---+---+---+---+---+---+---+
| A | . | . | . | . | . | . |
+---+---+---+---+---+---+---+
| . | . | . | . | . | . | . |
+---+---+---+---+---+---+---+
| . | . | . | . | . | . | . |
+---+---+---+---+---+---+---+
| . | . | . | . | . | . | . |
+---+---+---+---+---+---+---+
agent's action is:  up
Room 0 | has_key=0
+---+---+---+---+---+---+---+
| . | . | . | . | . | . | . |
+---+---+---+---+---+---+---+
| . | . | K | . | . | . | . |
+---+---+---+---+---+---+---+
| A | . | . | . | . | . | . |
+---+---+---+---+---+---+---+
| . | . | . | . | . | . | . |
+---+---+---+---+---+---+---+
| . | . | . | . | . | . | . |
+---+---+---+---+---+---+---+
| . | . | . | . | . | . | . |
+---+---+---+---+---+---+---+
| . | . | . | . | . | . | . |
+---+---+---+---+---+---+---+
agent's action is:  up
Room 0 | has_key=0
+---+---+---+---+---+---+---+
| . | . | . | . | . | . | . |
+---+---+---+---+---+---+---+
| A | . | K | . | . | . | . |
+---+---+---+---+---+---+---+
| . | . | . | . | . | . | . |
+---+---+---+---+---+---+---+
| . | . | . | . | . | . | . |
+---+---+---+---+---+---+---+
| . | . | . | . | . | . | . |
+---+---+---+---+---+---+---+
| . | . | . | . | . | . | . |
+---+---+---+---+---+---+---+
| . | . | . | . | . | . | . |
+---+---+---+---+---+---+---+
agent's action is:  right
Room 0 | has_key=0
+---+---+---+---+---+---+---+
| . | . | . | . | . | . | . |
+---+---+---+---+---+---+---+
| . | A | K | . | . | . | . |
+---+---+---+---+---+---+---+
| . | . | . | . | . | . | . |
+---+---+---+---+---+---+---+
| . | . | . | . | . | . | . |
+---+---+---+---+---+---+---+
| . | . | . | . | . | . | . |
+---+---+---+---+---+---+---+
| . | . | . | . | . | . | . |
+---+---+---+---+---+---+---+
| . | . | . | . | . | . | . |
+---+---+---+---+---+---+---+
agent's action is:  right
Room 0 | has_key=0
+---+---+---+---+---+---+---+
| . | . | . | . | . | . | . |
+---+---+---+---+---+---+---+
| . | . | A | . | . | . | . |
+---+---+---+---+---+---+---+
| . | . | . | . | . | . | . |
+---+---+---+---+---+---+---+
| . | . | . | . | . | . | . |
+---+---+---+---+---+---+---+
| . | . | . | . | . | . | . |
+---+---+---+---+---+---+---+
| . | . | . | . | . | . | . |
+---+---+---+---+---+---+---+
| . | . | . | . | . | . | . |
+---+---+---+---+---+---+---+
agent's action is:  pick up key
Room 0 | has_key=1
+---+---+---+---+---+---+---+
| . | . | . | . | . | . | . |
+---+---+---+---+---+---+---+
| . | . | A | . | . | . | . |
+---+---+---+---+---+---+---+
| . | . | . | . | . | . | . |
+---+---+---+---+---+---+---+
| . | . | . | . | . | . | . |
+---+---+---+---+---+---+---+
| . | . | . | . | . | . | . |
+---+---+---+---+---+---+---+
| . | . | . | . | . | . | . |
+---+---+---+---+---+---+---+
| . | . | . | . | . | . | . |
+---+---+---+---+---+---+---+
agent's action is:  up
Room 0 | has_key=1
+---+---+---+---+---+---+---+
| . | . | A | . | . | . | . |
+---+---+---+---+---+---+---+
| . | . | . | . | . | . | . |
+---+---+---+---+---+---+---+
| . | . | . | . | . | . | . |
+---+---+---+---+---+---+---+
| . | . | . | . | . | . | . |
+---+---+---+---+---+---+---+
| . | . | . | . | . | . | . |
+---+---+---+---+---+---+---+
| . | . | . | . | . | . | . |
+---+---+---+---+---+---+---+
| . | . | . | . | . | . | . |
+---+---+---+---+---+---+---+
agent's action is:  up
Room 0 | has_key=1
+---+---+---+---+---+---+---+
| . | . | A | . | . | . | . |
+---+---+---+---+---+---+---+
| . | . | . | . | . | . | . |
+---+---+---+---+---+---+---+
| . | . | . | . | . | . | . |
+---+---+---+---+---+---+---+
| . | . | . | . | . | . | . |
+---+---+---+---+---+---+---+
| . | . | . | . | . | . | . |
+---+---+---+---+---+---+---+
| . | . | . | . | . | . | . |
+---+---+---+---+---+---+---+
| . | . | . | . | . | . | . |
+---+---+---+---+---+---+---+
agent's action is:  up
Room 0 | has_key=1
+---+---+---+---+---+---+---+
| . | . | A | . | . | . | . |
+---+---+---+---+---+---+---+
| . | . | . | . | . | . | . |
+---+---+---+---+---+---+---+
| . | . | . | . | . | . | . |
+---+---+---+---+---+---+---+
| . | . | . | . | . | . | . |
+---+---+---+---+---+---+---+
| . | . | . | . | . | . | . |
+---+---+---+---+---+---+---+
| . | . | . | . | . | . | . |
+---+---+---+---+---+---+---+
| . | . | . | . | . | . | . |
+---+---+---+---+---+---+---+
agent's action is:  up
Room 0 | has_key=1
+---+---+---+---+---+---+---+
| . | . | A | . | . | . | . |
+---+---+---+---+---+---+---+
| . | . | . | . | . | . | . |
+---+---+---+---+---+---+---+
| . | . | . | . | . | . | . |
+---+---+---+---+---+---+---+
| . | . | . | . | . | . | . |
+---+---+---+---+---+---+---+
| . | . | . | . | . | . | . |
+---+---+---+---+---+---+---+
| . | . | . | . | . | . | . |
+---+---+---+---+---+---+---+
| . | . | . | . | . | . | . |
+---+---+---+---+---+---+---+
agent's action is:  up
Room 0 | has_key=1
+---+---+---+---+---+---+---+
| . | . | A | . | . | . | . |
+---+---+---+---+---+---+---+
| . | . | . | . | . | . | . |
+---+---+---+---+---+---+---+
| . | . | . | . | . | . | . |
+---+---+---+---+---+---+---+
| . | . | . | . | . | . | . |
+---+---+---+---+---+---+---+
| . | . | . | . | . | . | . |
+---+---+---+---+---+---+---+
| . | . | . | . | . | . | . |
+---+---+---+---+---+---+---+
| . | . | . | . | . | . | . |
+---+---+---+---+---+---+---+
agent's action is:  up
Room 1 | has_key=1
+---+---+---+---+---+---+---+
| . | . | . | . | . | . | . |
+---+---+---+---+---+---+---+
| . | . | . | . | . | . | . |
+---+---+---+---+---+---+---+
| . | . | . | . | . | . | . |
+---+---+---+---+---+---+---+
| . | . | . | . | . | . | . |
+---+---+---+---+---+---+---+
| . | . | . | . | . | . | . |
+---+---+---+---+---+---+---+
| . | . | . | . | . | . | . |
+---+---+---+---+---+---+---+
| A | . | . | . | . | . | . |
+---+---+---+---+---+---+---+
agent's action is:  up
Room 1 | has_key=1
+---+---+---+---+---+---+---+
| . | . | . | . | . | . | . |
+---+---+---+---+---+---+---+
| . | . | . | . | . | . | . |
+---+---+---+---+---+---+---+
| . | . | . | . | . | . | . |
+---+---+---+---+---+---+---+
| . | . | . | . | . | . | . |
+---+---+---+---+---+---+---+
| . | . | . | . | . | . | . |
+---+---+---+---+---+---+---+
| A | . | . | . | . | . | . |
+---+---+---+---+---+---+---+
| . | . | . | . | . | . | . |
+---+---+---+---+---+---+---+
agent's action is:  up
Room 1 | has_key=1
+---+---+---+---+---+---+---+
| . | . | . | . | . | . | . |
+---+---+---+---+---+---+---+
| . | . | . | . | . | . | . |
+---+---+---+---+---+---+---+
| . | . | . | . | . | . | . |
+---+---+---+---+---+---+---+
| . | . | . | . | . | . | . |
+---+---+---+---+---+---+---+
| A | . | . | . | . | . | . |
+---+---+---+---+---+---+---+
| . | . | . | . | . | . | . |
+---+---+---+---+---+---+---+
| . | . | . | . | . | . | . |
+---+---+---+---+---+---+---+
agent's action is:  up
Room 1 | has_key=1
+---+---+---+---+---+---+---+
| . | . | . | . | . | . | . |
+---+---+---+---+---+---+---+
| . | . | . | . | . | . | . |
+---+---+---+---+---+---+---+
| . | . | . | . | . | . | . |
+---+---+---+---+---+---+---+
| A | . | . | . | . | . | . |
+---+---+---+---+---+---+---+
| . | . | . | . | . | . | . |
+---+---+---+---+---+---+---+
| . | . | . | . | . | . | . |
+---+---+---+---+---+---+---+
| . | . | . | . | . | . | . |
+---+---+---+---+---+---+---+
agent's action is:  up
Room 1 | has_key=1
+---+---+---+---+---+---+---+
| . | . | . | . | . | . | . |
+---+---+---+---+---+---+---+
| . | . | . | . | . | . | . |
+---+---+---+---+---+---+---+
| A | . | . | . | . | . | . |
+---+---+---+---+---+---+---+
| . | . | . | . | . | . | . |
+---+---+---+---+---+---+---+
| . | . | . | . | . | . | . |
+---+---+---+---+---+---+---+
| . | . | . | . | . | . | . |
+---+---+---+---+---+---+---+
| . | . | . | . | . | . | . |
+---+---+---+---+---+---+---+
agent's action is:  up
Room 1 | has_key=1
+---+---+---+---+---+---+---+
| . | . | . | . | . | . | . |
+---+---+---+---+---+---+---+
| A | . | . | . | . | . | . |
+---+---+---+---+---+---+---+
| . | . | . | . | . | . | . |
+---+---+---+---+---+---+---+
| . | . | . | . | . | . | . |
+---+---+---+---+---+---+---+
| . | . | . | . | . | . | . |
+---+---+---+---+---+---+---+
| . | . | . | . | . | . | . |
+---+---+---+---+---+---+---+
| . | . | . | . | . | . | . |
+---+---+---+---+---+---+---+
agent's action is:  up
Room 1 | has_key=1
+---+---+---+---+---+---+---+
| A | . | . | . | . | . | . |
+---+---+---+---+---+---+---+
| . | . | . | . | . | . | . |
+---+---+---+---+---+---+---+
| . | . | . | . | . | . | . |
+---+---+---+---+---+---+---+
| . | . | . | . | . | . | . |
+---+---+---+---+---+---+---+
| . | . | . | . | . | . | . |
+---+---+---+---+---+---+---+
| . | . | . | . | . | . | . |
+---+---+---+---+---+---+---+
| . | . | . | . | . | . | . |
+---+---+---+---+---+---+---+
agent's action is:  up
Room 1 | has_key=1
+---+---+---+---+---+---+---+
| A | . | . | . | . | . | . |
+---+---+---+---+---+---+---+
| . | . | . | . | . | . | . |
+---+---+---+---+---+---+---+
| . | . | . | . | . | . | . |
+---+---+---+---+---+---+---+
| . | . | . | . | . | . | . |
+---+---+---+---+---+---+---+
| . | . | . | . | . | . | . |
+---+---+---+---+---+---+---+
| . | . | . | . | . | . | . |
+---+---+---+---+---+---+---+
| . | . | . | . | . | . | . |
+---+---+---+---+---+---+---+
agent's action is:  up
Room 1 | has_key=1
+---+---+---+---+---+---+---+
| A | . | . | . | . | . | . |
+---+---+---+---+---+---+---+
| . | . | . | . | . | . | . |
+---+---+---+---+---+---+---+
| . | . | . | . | . | . | . |
+---+---+---+---+---+---+---+
| . | . | . | . | . | . | . |
+---+---+---+---+---+---+---+
| . | . | . | . | . | . | . |
+---+---+---+---+---+---+---+
| . | . | . | . | . | . | . |
+---+---+---+---+---+---+---+
| . | . | . | . | . | . | . |
+---+---+---+---+---+---+---+
agent's action is:  up
Room 1 | has_key=1
+---+---+---+---+---+---+---+
| A | . | . | . | . | . | . |
+---+---+---+---+---+---+---+
| . | . | . | . | . | . | . |
+---+---+---+---+---+---+---+
| . | . | . | . | . | . | . |
+---+---+---+---+---+---+---+
| . | . | . | . | . | . | . |
+---+---+---+---+---+---+---+
| . | . | . | . | . | . | . |
+---+---+---+---+---+---+---+
| . | . | . | . | . | . | . |
+---+---+---+---+---+---+---+
| . | . | . | . | . | . | . |
+---+---+---+---+---+---+---+
agent's action is:  up
Room 1 | has_key=1
+---+---+---+---+---+---+---+
| A | . | . | . | . | . | . |
+---+---+---+---+---+---+---+
| . | . | . | . | . | . | . |
+---+---+---+---+---+---+---+
| . | . | . | . | . | . | . |
+---+---+---+---+---+---+---+
| . | . | . | . | . | . | . |
+---+---+---+---+---+---+---+
| . | . | . | . | . | . | . |
+---+---+---+---+---+---+---+
| . | . | . | . | . | . | . |
+---+---+---+---+---+---+---+
| . | . | . | . | . | . | . |
+---+---+---+---+---+---+---+
agent's action is:  up
Room 1 | has_key=1
+---+---+---+---+---+---+---+
| A | . | . | . | . | . | . |
+---+---+---+---+---+---+---+
| . | . | . | . | . | . | . |
+---+---+---+---+---+---+---+
| . | . | . | . | . | . | . |
+---+---+---+---+---+---+---+
| . | . | . | . | . | . | . |
+---+---+---+---+---+---+---+
| . | . | . | . | . | . | . |
+---+---+---+---+---+---+---+
| . | . | . | . | . | . | . |
+---+---+---+---+---+---+---+
| . | . | . | . | . | . | . |
+---+---+---+---+---+---+---+
agent's action is:  up
Room 1 | has_key=1
+---+---+---+---+---+---+---+
| A | . | . | . | . | . | . |
+---+---+---+---+---+---+---+
| . | . | . | . | . | . | . |
+---+---+---+---+---+---+---+
| . | . | . | . | . | . | . |
+---+---+---+---+---+---+---+
| . | . | . | . | . | . | . |
+---+---+---+---+---+---+---+
| . | . | . | . | . | . | . |
+---+---+---+---+---+---+---+
| . | . | . | . | . | . | . |
+---+---+---+---+---+---+---+
| . | . | . | . | . | . | . |
+---+---+---+---+---+---+---+
agent's action is:  up
Room 1 | has_key=1
+---+---+---+---+---+---+---+
| A | . | . | . | . | . | . |
+---+---+---+---+---+---+---+
| . | . | . | . | . | . | . |
+---+---+---+---+---+---+---+
| . | . | . | . | . | . | . |
+---+---+---+---+---+---+---+
| . | . | . | . | . | . | . |
+---+---+---+---+---+---+---+
| . | . | . | . | . | . | . |
+---+---+---+---+---+---+---+
| . | . | . | . | . | . | . |
+---+---+---+---+---+---+---+
| . | . | . | . | . | . | . |
+---+---+---+---+---+---+---+
agent's action is:  up
Room 2 | has_key=1
+---+---+---+---+---+---+---+
| . | . | . | D | . | . | . |
+---+---+---+---+---+---+---+
| . | . | . | . | . | . | . |
+---+---+---+---+---+---+---+
| . | . | . | . | . | . | . |
+---+---+---+---+---+---+---+
| . | . | . | . | . | . | . |
+---+---+---+---+---+---+---+
| . | . | . | . | . | . | . |
+---+---+---+---+---+---+---+
| . | . | . | . | . | . | . |
+---+---+---+---+---+---+---+
| A | . | . | . | . | . | . |
+---+---+---+---+---+---+---+
agent's action is:  up
Room 2 | has_key=1
+---+---+---+---+---+---+---+
| . | . | . | D | . | . | . |
+---+---+---+---+---+---+---+
| . | . | . | . | . | . | . |
+---+---+---+---+---+---+---+
| . | . | . | . | . | . | . |
+---+---+---+---+---+---+---+
| . | . | . | . | . | . | . |
+---+---+---+---+---+---+---+
| . | . | . | . | . | . | . |
+---+---+---+---+---+---+---+
| A | . | . | . | . | . | . |
+---+---+---+---+---+---+---+
| . | . | . | . | . | . | . |
+---+---+---+---+---+---+---+
agent's action is:  up
Room 2 | has_key=1
+---+---+---+---+---+---+---+
| . | . | . | D | . | . | . |
+---+---+---+---+---+---+---+
| . | . | . | . | . | . | . |
+---+---+---+---+---+---+---+
| . | . | . | . | . | . | . |
+---+---+---+---+---+---+---+
| . | . | . | . | . | . | . |
+---+---+---+---+---+---+---+
| A | . | . | . | . | . | . |
+---+---+---+---+---+---+---+
| . | . | . | . | . | . | . |
+---+---+---+---+---+---+---+
| . | . | . | . | . | . | . |
+---+---+---+---+---+---+---+
agent's action is:  up
Room 2 | has_key=1
+---+---+---+---+---+---+---+
| . | . | . | D | . | . | . |
+---+---+---+---+---+---+---+
| . | . | . | . | . | . | . |
+---+---+---+---+---+---+---+
| . | . | . | . | . | . | . |
+---+---+---+---+---+---+---+
| A | . | . | . | . | . | . |
+---+---+---+---+---+---+---+
| . | . | . | . | . | . | . |
+---+---+---+---+---+---+---+
| . | . | . | . | . | . | . |
+---+---+---+---+---+---+---+
| . | . | . | . | . | . | . |
+---+---+---+---+---+---+---+
agent's action is:  up
Room 2 | has_key=1
+---+---+---+---+---+---+---+
| . | . | . | D | . | . | . |
+---+---+---+---+---+---+---+
| . | . | . | . | . | . | . |
+---+---+---+---+---+---+---+
| A | . | . | . | . | . | . |
+---+---+---+---+---+---+---+
| . | . | . | . | . | . | . |
+---+---+---+---+---+---+---+
| . | . | . | . | . | . | . |
+---+---+---+---+---+---+---+
| . | . | . | . | . | . | . |
+---+---+---+---+---+---+---+
| . | . | . | . | . | . | . |
+---+---+---+---+---+---+---+
agent's action is:  up
Room 2 | has_key=1
+---+---+---+---+---+---+---+
| . | . | . | D | . | . | . |
+---+---+---+---+---+---+---+
| A | . | . | . | . | . | . |
+---+---+---+---+---+---+---+
| . | . | . | . | . | . | . |
+---+---+---+---+---+---+---+
| . | . | . | . | . | . | . |
+---+---+---+---+---+---+---+
| . | . | . | . | . | . | . |
+---+---+---+---+---+---+---+
| . | . | . | . | . | . | . |
+---+---+---+---+---+---+---+
| . | . | . | . | . | . | . |
+---+---+---+---+---+---+---+
agent's action is:  up
Room 2 | has_key=1
+---+---+---+---+---+---+---+
| A | . | . | D | . | . | . |
+---+---+---+---+---+---+---+
| . | . | . | . | . | . | . |
+---+---+---+---+---+---+---+
| . | . | . | . | . | . | . |
+---+---+---+---+---+---+---+
| . | . | . | . | . | . | . |
+---+---+---+---+---+---+---+
| . | . | . | . | . | . | . |
+---+---+---+---+---+---+---+
| . | . | . | . | . | . | . |
+---+---+---+---+---+---+---+
| . | . | . | . | . | . | . |
+---+---+---+---+---+---+---+
agent's action is:  right
Room 2 | has_key=1
+---+---+---+---+---+---+---+
| . | A | . | D | . | . | . |
+---+---+---+---+---+---+---+
| . | . | . | . | . | . | . |
+---+---+---+---+---+---+---+
| . | . | . | . | . | . | . |
+---+---+---+---+---+---+---+
| . | . | . | . | . | . | . |
+---+---+---+---+---+---+---+
| . | . | . | . | . | . | . |
+---+---+---+---+---+---+---+
| . | . | . | . | . | . | . |
+---+---+---+---+---+---+---+
| . | . | . | . | . | . | . |
+---+---+---+---+---+---+---+
agent's action is:  right
Room 2 | has_key=1
+---+---+---+---+---+---+---+
| . | . | A | D | . | . | . |
+---+---+---+---+---+---+---+
| . | . | . | . | . | . | . |
+---+---+---+---+---+---+---+
| . | . | . | . | . | . | . |
+---+---+---+---+---+---+---+
| . | . | . | . | . | . | . |
+---+---+---+---+---+---+---+
| . | . | . | . | . | . | . |
+---+---+---+---+---+---+---+
| . | . | . | . | . | . | . |
+---+---+---+---+---+---+---+
| . | . | . | . | . | . | . |
+---+---+---+---+---+---+---+
agent's action is:  right
Room 2 | has_key=1
+---+---+---+---+---+---+---+
| . | . | . | A | . | . | . |
+---+---+---+---+---+---+---+
| . | . | . | . | . | . | . |
+---+---+---+---+---+---+---+
| . | . | . | . | . | . | . |
+---+---+---+---+---+---+---+
| . | . | . | . | . | . | . |
+---+---+---+---+---+---+---+
| . | . | . | . | . | . | . |
+---+---+---+---+---+---+---+
| . | . | . | . | . | . | . |
+---+---+---+---+---+---+---+
| . | . | . | . | . | . | . |
+---+---+---+---+---+---+---+

All evaluations completed successfully!
